Archive member included to satisfy reference by file (symbol)

/Applications/Ac6/SystemWorkbench.app/Contents/Eclipse/plugins/fr.ac6.mcu.externaltools.arm-none.macos64_1.12.0.201611241417/tools/compiler/bin/../lib/gcc/arm-none-eabi/5.4.1/armv7e-m/fpu/libgcc.a(_aeabi_uldivmod.o)
                              Drivers/STM32L4xx_HAL_Driver/Src/stm32l4xx_hal_uart.o (__aeabi_uldivmod)
/Applications/Ac6/SystemWorkbench.app/Contents/Eclipse/plugins/fr.ac6.mcu.externaltools.arm-none.macos64_1.12.0.201611241417/tools/compiler/bin/../lib/gcc/arm-none-eabi/5.4.1/armv7e-m/fpu/libgcc.a(_udivmoddi4.o)
                              /Applications/Ac6/SystemWorkbench.app/Contents/Eclipse/plugins/fr.ac6.mcu.externaltools.arm-none.macos64_1.12.0.201611241417/tools/compiler/bin/../lib/gcc/arm-none-eabi/5.4.1/armv7e-m/fpu/libgcc.a(_aeabi_uldivmod.o) (__udivmoddi4)
/Applications/Ac6/SystemWorkbench.app/Contents/Eclipse/plugins/fr.ac6.mcu.externaltools.arm-none.macos64_1.12.0.201611241417/tools/compiler/bin/../lib/gcc/arm-none-eabi/5.4.1/armv7e-m/fpu/libgcc.a(_dvmd_tls.o)
                              /Applications/Ac6/SystemWorkbench.app/Contents/Eclipse/plugins/fr.ac6.mcu.externaltools.arm-none.macos64_1.12.0.201611241417/tools/compiler/bin/../lib/gcc/arm-none-eabi/5.4.1/armv7e-m/fpu/libgcc.a(_aeabi_uldivmod.o) (__aeabi_ldiv0)
/Applications/Ac6/SystemWorkbench.app/Contents/Eclipse/plugins/fr.ac6.mcu.externaltools.arm-none.macos64_1.12.0.201611241417/tools/compiler/bin/../lib/gcc/arm-none-eabi/5.4.1/../../../../arm-none-eabi/lib/armv7e-m/fpu/libc_nano.a(lib_a-exit.o)
                              /Applications/Ac6/SystemWorkbench.app/Contents/Eclipse/plugins/fr.ac6.mcu.externaltools.arm-none.macos64_1.12.0.201611241417/tools/compiler/bin/../lib/gcc/arm-none-eabi/5.4.1/../../../../arm-none-eabi/lib/armv7e-m/fpu/crt0.o (exit)
/Applications/Ac6/SystemWorkbench.app/Contents/Eclipse/plugins/fr.ac6.mcu.externaltools.arm-none.macos64_1.12.0.201611241417/tools/compiler/bin/../lib/gcc/arm-none-eabi/5.4.1/../../../../arm-none-eabi/lib/armv7e-m/fpu/libc_nano.a(lib_a-impure.o)
                              /Applications/Ac6/SystemWorkbench.app/Contents/Eclipse/plugins/fr.ac6.mcu.externaltools.arm-none.macos64_1.12.0.201611241417/tools/compiler/bin/../lib/gcc/arm-none-eabi/5.4.1/../../../../arm-none-eabi/lib/armv7e-m/fpu/libc_nano.a(lib_a-exit.o) (_global_impure_ptr)
/Applications/Ac6/SystemWorkbench.app/Contents/Eclipse/plugins/fr.ac6.mcu.externaltools.arm-none.macos64_1.12.0.201611241417/tools/compiler/bin/../lib/gcc/arm-none-eabi/5.4.1/../../../../arm-none-eabi/lib/armv7e-m/fpu/libc_nano.a(lib_a-init.o)
                              /Applications/Ac6/SystemWorkbench.app/Contents/Eclipse/plugins/fr.ac6.mcu.externaltools.arm-none.macos64_1.12.0.201611241417/tools/compiler/bin/../lib/gcc/arm-none-eabi/5.4.1/../../../../arm-none-eabi/lib/armv7e-m/fpu/crt0.o (__libc_init_array)
/Applications/Ac6/SystemWorkbench.app/Contents/Eclipse/plugins/fr.ac6.mcu.externaltools.arm-none.macos64_1.12.0.201611241417/tools/compiler/bin/../lib/gcc/arm-none-eabi/5.4.1/../../../../arm-none-eabi/lib/armv7e-m/fpu/libc_nano.a(lib_a-memcpy-stub.o)
                              Middlewares/Third_Party/FreeRTOS/Source/queue.o (memcpy)
/Applications/Ac6/SystemWorkbench.app/Contents/Eclipse/plugins/fr.ac6.mcu.externaltools.arm-none.macos64_1.12.0.201611241417/tools/compiler/bin/../lib/gcc/arm-none-eabi/5.4.1/../../../../arm-none-eabi/lib/armv7e-m/fpu/libc_nano.a(lib_a-memset.o)
                              /Applications/Ac6/SystemWorkbench.app/Contents/Eclipse/plugins/fr.ac6.mcu.externaltools.arm-none.macos64_1.12.0.201611241417/tools/compiler/bin/../lib/gcc/arm-none-eabi/5.4.1/../../../../arm-none-eabi/lib/armv7e-m/fpu/crt0.o (memset)
/Applications/Ac6/SystemWorkbench.app/Contents/Eclipse/plugins/fr.ac6.mcu.externaltools.arm-none.macos64_1.12.0.201611241417/tools/compiler/bin/../lib/gcc/arm-none-eabi/5.4.1/../../../../arm-none-eabi/lib/armv7e-m/fpu/libnosys.a(_exit.o)
                              /Applications/Ac6/SystemWorkbench.app/Contents/Eclipse/plugins/fr.ac6.mcu.externaltools.arm-none.macos64_1.12.0.201611241417/tools/compiler/bin/../lib/gcc/arm-none-eabi/5.4.1/../../../../arm-none-eabi/lib/armv7e-m/fpu/libc_nano.a(lib_a-exit.o) (_exit)

Allocating common symbols
Common symbol       size              file

hdma_usart2_rx      0x48              Src/main.o
processCanHandle    0x4               Src/main.o
ProcessUartHandle   0x4               Src/main.o
mainCanRxQHandle    0x4               Src/main.o
housekeepingHandle  0x4               Src/main.o
uwTick              0x4               Drivers/STM32L4xx_HAL_Driver/Src/stm32l4xx_hal.o
xQueueRegistry      0x40              Middlewares/Third_Party/FreeRTOS/Source/queue.o
pFlash              0x20              Drivers/STM32L4xx_HAL_Driver/Src/stm32l4xx_hal_flash.o
UartTxMtxHandle     0x4               Src/main.o
Serial2_buffer      0x400             Src/main.o
hdma_usart2_tx      0x48              Src/main.o
[...]
Memory Configuration

Name             Origin             Length             Attributes
RAM              0x0000000020000000 0x000000000000c000 xrw
RAM2             0x0000000010000000 0x0000000000004000 xrw
FLASH            0x0000000008000000 0x0000000000040000 xr
*default*        0x0000000000000000 0xffffffffffffffff

Linker script and memory map

LOAD /Applications/Ac6/SystemWorkbench.app/Contents/Eclipse/plugins/fr.ac6.mcu.externaltools.arm-none.macos64_1.12.0.201611241417/tools/compiler/bin/../lib/gcc/arm-none-eabi/5.4.1/armv7e-m/fpu/crti.o
LOAD /Applications/Ac6/SystemWorkbench.app/Contents/Eclipse/plugins/fr.ac6.mcu.externaltools.arm-none.macos64_1.12.0.201611241417/tools/compiler/bin/../lib/gcc/arm-none-eabi/5.4.1/armv7e-m/fpu/crtbegin.o
LOAD /Applications/Ac6/SystemWorkbench.app/Contents/Eclipse/plugins/fr.ac6.mcu.externaltools.arm-none.macos64_1.12.0.201611241417/tools/compiler/bin/../lib/gcc/arm-none-eabi/5.4.1/../../../../arm-none-eabi/lib/armv7e-m/fpu/crt0.o
LOAD /Applications/Ac6/SystemWorkbench.app/Contents/Eclipse/plugins/fr.ac6.mcu.externaltools.arm-none.macos64_1.12.0.201611241417/tools/compiler/bin/../lib/gcc/arm-none-eabi/5.4.1/../../../../arm-none-eabi/lib/armv7e-m/fpu/libm.a
LOAD Drivers/CMSIS/Device/ST/STM32L4xx/Source/Templates/gcc/startup_stm32l432xx.o
LOAD Drivers/STM32L4xx_HAL_Driver/Src/stm32l4xx_hal.o
LOAD Drivers/STM32L4xx_HAL_Driver/Src/stm32l4xx_hal_can.o
LOAD Drivers/STM32L4xx_HAL_Driver/Src/stm32l4xx_hal_cortex.o
LOAD Drivers/STM32L4xx_HAL_Driver/Src/stm32l4xx_hal_dma.o
LOAD Drivers/STM32L4xx_HAL_Driver/Src/stm32l4xx_hal_flash.o
LOAD Drivers/STM32L4xx_HAL_Driver/Src/stm32l4xx_hal_flash_ex.o
LOAD Drivers/STM32L4xx_HAL_Driver/Src/stm32l4xx_hal_flash_ramfunc.o
LOAD Drivers/STM32L4xx_HAL_Driver/Src/stm32l4xx_hal_gpio.o
LOAD Drivers/STM32L4xx_HAL_Driver/Src/stm32l4xx_hal_i2c.o
LOAD Drivers/STM32L4xx_HAL_Driver/Src/stm32l4xx_hal_i2c_ex.o
LOAD Drivers/STM32L4xx_HAL_Driver/Src/stm32l4xx_hal_pwr.o
LOAD Drivers/STM32L4xx_HAL_Driver/Src/stm32l4xx_hal_pwr_ex.o
LOAD Drivers/STM32L4xx_HAL_Driver/Src/stm32l4xx_hal_rcc.o
LOAD Drivers/STM32L4xx_HAL_Driver/Src/stm32l4xx_hal_rcc_ex.o
LOAD Drivers/STM32L4xx_HAL_Driver/Src/stm32l4xx_hal_tim.o
LOAD Drivers/STM32L4xx_HAL_Driver/Src/stm32l4xx_hal_tim_ex.o
LOAD Drivers/STM32L4xx_HAL_Driver/Src/stm32l4xx_hal_uart.o
LOAD Drivers/STM32L4xx_HAL_Driver/Src/stm32l4xx_hal_uart_ex.o
LOAD Drivers/STM32L4xx_HAL_Driver/Src/stm32l4xx_hal_wwdg.o
LOAD Drivers/STM32L4xx_HAL_Driver/Src/stm32l4xx_ll_dma.o
LOAD Drivers/STM32L4xx_HAL_Driver/Src/stm32l4xx_ll_exti.o
LOAD Drivers/STM32L4xx_HAL_Driver/Src/stm32l4xx_ll_gpio.o
LOAD Drivers/STM32L4xx_HAL_Driver/Src/stm32l4xx_ll_utils.o
LOAD Middlewares/Third_Party/FreeRTOS/Source/CMSIS_RTOS/cmsis_os.o
LOAD Middlewares/Third_Party/FreeRTOS/Source/croutine.o
LOAD Middlewares/Third_Party/FreeRTOS/Source/event_groups.o
LOAD Middlewares/Third_Party/FreeRTOS/Source/list.o
LOAD Middlewares/Third_Party/FreeRTOS/Source/queue.o
LOAD Middlewares/Third_Party/FreeRTOS/Source/tasks.o
LOAD Middlewares/Third_Party/FreeRTOS/Source/timers.o
LOAD Middlewares/Third_Party/FreeRTOS/Source/portable/GCC/ARM_CM4F/port.o
LOAD Middlewares/Third_Party/FreeRTOS/Source/portable/MemMang/heap_4.o
LOAD Src/can.o
LOAD Src/freertos.o
LOAD Src/main.o
LOAD Src/serial.o
LOAD Src/stm32l4xx_hal_msp.o
LOAD Src/stm32l4xx_hal_timebase_TIM.o
LOAD Src/stm32l4xx_it.o
LOAD Src/system_stm32l4xx.o
START GROUP
LOAD /Applications/Ac6/SystemWorkbench.app/Contents/Eclipse/plugins/fr.ac6.mcu.externaltools.arm-none.macos64_1.12.0.201611241417/tools/compiler/bin/../lib/gcc/arm-none-eabi/5.4.1/armv7e-m/fpu/libgcc.a
LOAD /Applications/Ac6/SystemWorkbench.app/Contents/Eclipse/plugins/fr.ac6.mcu.externaltools.arm-none.macos64_1.12.0.201611241417/tools/compiler/bin/../lib/gcc/arm-none-eabi/5.4.1/../../../../arm-none-eabi/lib/armv7e-m/fpu/libc_nano.a
END GROUP
START GROUP
LOAD /Applications/Ac6/SystemWorkbench.app/Contents/Eclipse/plugins/fr.ac6.mcu.externaltools.arm-none.macos64_1.12.0.201611241417/tools/compiler/bin/../lib/gcc/arm-none-eabi/5.4.1/armv7e-m/fpu/libgcc.a
LOAD /Applications/Ac6/SystemWorkbench.app/Contents/Eclipse/plugins/fr.ac6.mcu.externaltools.arm-none.macos64_1.12.0.201611241417/tools/compiler/bin/../lib/gcc/arm-none-eabi/5.4.1/../../../../arm-none-eabi/lib/armv7e-m/fpu/libc_nano.a
LOAD /Applications/Ac6/SystemWorkbench.app/Contents/Eclipse/plugins/fr.ac6.mcu.externaltools.arm-none.macos64_1.12.0.201611241417/tools/compiler/bin/../lib/gcc/arm-none-eabi/5.4.1/../../../../arm-none-eabi/lib/armv7e-m/fpu/libnosys.a
END GROUP
START GROUP
LOAD /Applications/Ac6/SystemWorkbench.app/Contents/Eclipse/plugins/fr.ac6.mcu.externaltools.arm-none.macos64_1.12.0.201611241417/tools/compiler/bin/../lib/gcc/arm-none-eabi/5.4.1/armv7e-m/fpu/libgcc.a
LOAD /Applications/Ac6/SystemWorkbench.app/Contents/Eclipse/plugins/fr.ac6.mcu.externaltools.arm-none.macos64_1.12.0.201611241417/tools/compiler/bin/../lib/gcc/arm-none-eabi/5.4.1/../../../../arm-none-eabi/lib/armv7e-m/fpu/libc_nano.a
LOAD /Applications/Ac6/SystemWorkbench.app/Contents/Eclipse/plugins/fr.ac6.mcu.externaltools.arm-none.macos64_1.12.0.201611241417/tools/compiler/bin/../lib/gcc/arm-none-eabi/5.4.1/../../../../arm-none-eabi/lib/armv7e-m/fpu/libnosys.a
END GROUP
LOAD /Applications/Ac6/SystemWorkbench.app/Contents/Eclipse/plugins/fr.ac6.mcu.externaltools.arm-none.macos64_1.12.0.201611241417/tools/compiler/bin/../lib/gcc/arm-none-eabi/5.4.1/armv7e-m/fpu/crtend.o
LOAD /Applications/Ac6/SystemWorkbench.app/Contents/Eclipse/plugins/fr.ac6.mcu.externaltools.arm-none.macos64_1.12.0.201611241417/tools/compiler/bin/../lib/gcc/arm-none-eabi/5.4.1/armv7e-m/fpu/crtn.o
                0x000000002000c000                _estack = 0x2000c000
                0x0000000000000200                _Min_Heap_Size = 0x200
                0x0000000000000400                _Min_Stack_Size = 0x400

.isr_vector     0x0000000008000000      0x190
                0x0000000008000000                . = ALIGN (0x8)
 *(.isr_vector)
 .isr_vector    0x0000000008000000      0x18c Drivers/CMSIS/Device/ST/STM32L4xx/Source/Templates/gcc/startup_stm32l432xx.o
                0x0000000008000000                g_pfnVectors
                0x0000000008000190                . = ALIGN (0x8)
 *fill*         0x000000000800018c        0x4 

.text           0x0000000008000190     0x59a8
                0x0000000008000190                . = ALIGN (0x8)
 *(.text)
 .text          0x0000000008000190       0x5c /Applications/Ac6/SystemWorkbench.app/Contents/Eclipse/plugins/fr.ac6.mcu.externaltools.arm-none.macos64_1.12.0.201611241417/tools/compiler/bin/../lib/gcc/arm-none-eabi/5.4.1/armv7e-m/fpu/crtbegin.o
 .text          0x00000000080001ec       0x30 /Applications/Ac6/SystemWorkbench.app/Contents/Eclipse/plugins/fr.ac6.mcu.externaltools.arm-none.macos64_1.12.0.201611241417/tools/compiler/bin/../lib/gcc/arm-none-eabi/5.4.1/armv7e-m/fpu/libgcc.a(_aeabi_uldivmod.o)
                0x00000000080001ec                __aeabi_uldivmod
 .text          0x000000000800021c      0x2e4 /Applications/Ac6/SystemWorkbench.app/Contents/Eclipse/plugins/fr.ac6.mcu.externaltools.arm-none.macos64_1.12.0.201611241417/tools/compiler/bin/../lib/gcc/arm-none-eabi/5.4.1/armv7e-m/fpu/libgcc.a(_udivmoddi4.o)
                0x000000000800021c                __udivmoddi4
 .text          0x0000000008000500        0x4 /Applications/Ac6/SystemWorkbench.app/Contents/Eclipse/plugins/fr.ac6.mcu.externaltools.arm-none.macos64_1.12.0.201611241417/tools/compiler/bin/../lib/gcc/arm-none-eabi/5.4.1/armv7e-m/fpu/libgcc.a(_dvmd_tls.o)
                0x0000000008000500                __aeabi_ldiv0
                0x0000000008000500                __aeabi_idiv0
 *(.text*)
 .text.Reset_Handler
                0x0000000008000504       0x50 Drivers/CMSIS/Device/ST/STM32L4xx/Source/Templates/gcc/startup_stm32l432xx.o
                0x0000000008000504                Reset_Handler
 .text.Default_Handler
                0x0000000008000554        0x2 Drivers/CMSIS/Device/ST/STM32L4xx/Source/Templates/gcc/startup_stm32l432xx.o
                0x0000000008000554                TIM1_BRK_TIM15_IRQHandler
                0x0000000008000554                EXTI2_IRQHandler
                0x0000000008000554                DebugMon_Handler
                0x0000000008000554                TIM1_CC_IRQHandler
                0x0000000008000554                TSC_IRQHandler
                0x0000000008000554                HardFault_Handler
                0x0000000008000554                TAMP_STAMP_IRQHandler
                0x0000000008000554                NMI_Handler
                0x0000000008000554                EXTI3_IRQHandler
                0x0000000008000554                LPTIM2_IRQHandler
                0x0000000008000554                I2C3_ER_IRQHandler
                0x0000000008000554                EXTI0_IRQHandler
                0x0000000008000554                FPU_IRQHandler
                0x0000000008000554                TIM1_UP_TIM16_IRQHandler
                0x0000000008000554                UsageFault_Handler
                0x0000000008000554                SPI1_IRQHandler
                0x0000000008000554                DMA2_Channel2_IRQHandler
                0x0000000008000554                DMA1_Channel4_IRQHandler
                0x0000000008000554                ADC1_IRQHandler
                0x0000000008000554                DMA2_Channel1_IRQHandler
                0x0000000008000554                QUADSPI_IRQHandler
                0x0000000008000554                I2C1_EV_IRQHandler
                0x0000000008000554                DMA2_Channel4_IRQHandler
                0x0000000008000554                RCC_IRQHandler
                0x0000000008000554                TIM1_TRG_COM_IRQHandler
                0x0000000008000554                DMA1_Channel1_IRQHandler
                0x0000000008000554                Default_Handler
                0x0000000008000554                DMA2_Channel7_IRQHandler
                0x0000000008000554                EXTI15_10_IRQHandler
                0x0000000008000554                TIM7_IRQHandler
                0x0000000008000554                I2C3_EV_IRQHandler
                0x0000000008000554                USB_IRQHandler
                0x0000000008000554                EXTI9_5_IRQHandler
                0x0000000008000554                RTC_WKUP_IRQHandler
                0x0000000008000554                PVD_PVM_IRQHandler
                0x0000000008000554                MemManage_Handler
                0x0000000008000554                DMA2_Channel5_IRQHandler
                0x0000000008000554                CRS_IRQHandler
                0x0000000008000554                DMA1_Channel5_IRQHandler
                0x0000000008000554                EXTI4_IRQHandler
                0x0000000008000554                RNG_IRQHandler
                0x0000000008000554                DMA1_Channel3_IRQHandler
                0x0000000008000554                COMP_IRQHandler
                0x0000000008000554                WWDG_IRQHandler
                0x0000000008000554                LPUART1_IRQHandler
                0x0000000008000554                DMA2_Channel6_IRQHandler
                0x0000000008000554                TIM2_IRQHandler
                0x0000000008000554                EXTI1_IRQHandler
                0x0000000008000554                DMA1_Channel2_IRQHandler
                0x0000000008000554                FLASH_IRQHandler
                0x0000000008000554                BusFault_Handler
                0x0000000008000554                USART1_IRQHandler
                0x0000000008000554                SPI3_IRQHandler
                0x0000000008000554                I2C1_ER_IRQHandler
                0x0000000008000554                SWPMI1_IRQHandler
                0x0000000008000554                LPTIM1_IRQHandler
                0x0000000008000554                SAI1_IRQHandler
                0x0000000008000554                DMA2_Channel3_IRQHandler
                0x0000000008000554                RTC_Alarm_IRQHandler
 *fill*         0x0000000008000556        0x2 
 .text.HAL_Init
                0x0000000008000558       0x24 Drivers/STM32L4xx_HAL_Driver/Src/stm32l4xx_hal.o
                0x0000000008000558                HAL_Init
 .text.HAL_IncTick
                0x000000000800057c       0x10 Drivers/STM32L4xx_HAL_Driver/Src/stm32l4xx_hal.o
                0x000000000800057c                HAL_IncTick
 .text.HAL_GetTick
                0x000000000800058c        0xc Drivers/STM32L4xx_HAL_Driver/Src/stm32l4xx_hal.o
                0x000000000800058c                HAL_GetTick
 .text.HAL_CAN_ConfigFilter
                0x0000000008000598       0xd8 Drivers/STM32L4xx_HAL_Driver/Src/stm32l4xx_hal_can.o
                0x0000000008000598                HAL_CAN_ConfigFilter
 .text.HAL_CAN_Init
                0x0000000008000670      0x12c Drivers/STM32L4xx_HAL_Driver/Src/stm32l4xx_hal_can.o
                0x0000000008000670                HAL_CAN_Init
 .text.HAL_CAN_Transmit_IT
                0x000000000800079c       0xdc Drivers/STM32L4xx_HAL_Driver/Src/stm32l4xx_hal_can.o
                0x000000000800079c                HAL_CAN_Transmit_IT
 .text.HAL_CAN_Receive_IT
                0x0000000008000878       0x60 Drivers/STM32L4xx_HAL_Driver/Src/stm32l4xx_hal_can.o
                0x0000000008000878                HAL_CAN_Receive_IT
 .text.CAN_Receive_IT
                0x00000000080008d8       0xfc Drivers/STM32L4xx_HAL_Driver/Src/stm32l4xx_hal_can.o
 .text.HAL_CAN_IRQHandler
                0x00000000080009d4      0x16c Drivers/STM32L4xx_HAL_Driver/Src/stm32l4xx_hal_can.o
                0x00000000080009d4                HAL_CAN_IRQHandler
 .text.HAL_CAN_GetError
                0x0000000008000b40        0x4 Drivers/STM32L4xx_HAL_Driver/Src/stm32l4xx_hal_can.o
                0x0000000008000b40                HAL_CAN_GetError
 .text.HAL_NVIC_SetPriorityGrouping
                0x0000000008000b44       0x24 Drivers/STM32L4xx_HAL_Driver/Src/stm32l4xx_hal_cortex.o
                0x0000000008000b44                HAL_NVIC_SetPriorityGrouping
 .text.HAL_NVIC_SetPriority
                0x0000000008000b68       0x68 Drivers/STM32L4xx_HAL_Driver/Src/stm32l4xx_hal_cortex.o
                0x0000000008000b68                HAL_NVIC_SetPriority
 .text.HAL_NVIC_EnableIRQ
                0x0000000008000bd0       0x18 Drivers/STM32L4xx_HAL_Driver/Src/stm32l4xx_hal_cortex.o
                0x0000000008000bd0                HAL_NVIC_EnableIRQ
 .text.HAL_SYSTICK_Config
                0x0000000008000be8       0x2c Drivers/STM32L4xx_HAL_Driver/Src/stm32l4xx_hal_cortex.o
                0x0000000008000be8                HAL_SYSTICK_Config
 .text.HAL_SYSTICK_CLKSourceConfig
                0x0000000008000c14       0x18 Drivers/STM32L4xx_HAL_Driver/Src/stm32l4xx_hal_cortex.o
                0x0000000008000c14                HAL_SYSTICK_CLKSourceConfig
 .text.HAL_DMA_Init
                0x0000000008000c2c       0xcc Drivers/STM32L4xx_HAL_Driver/Src/stm32l4xx_hal_dma.o
                0x0000000008000c2c                HAL_DMA_Init
 .text.HAL_DMA_Start_IT
                0x0000000008000cf8       0x80 Drivers/STM32L4xx_HAL_Driver/Src/stm32l4xx_hal_dma.o
                0x0000000008000cf8                HAL_DMA_Start_IT
 .text.HAL_DMA_Abort_IT
                0x0000000008000d78       0x48 Drivers/STM32L4xx_HAL_Driver/Src/stm32l4xx_hal_dma.o
                0x0000000008000d78                HAL_DMA_Abort_IT
 .text.HAL_DMA_IRQHandler
                0x0000000008000dc0       0x90 Drivers/STM32L4xx_HAL_Driver/Src/stm32l4xx_hal_dma.o
                0x0000000008000dc0                HAL_DMA_IRQHandler
 .text.HAL_GPIO_Init
                0x0000000008000e50      0x178 Drivers/STM32L4xx_HAL_Driver/Src/stm32l4xx_hal_gpio.o
                0x0000000008000e50                HAL_GPIO_Init
 .text.HAL_PWREx_GetVoltageRange
                0x0000000008000fc8       0x10 Drivers/STM32L4xx_HAL_Driver/Src/stm32l4xx_hal_pwr_ex.o
                0x0000000008000fc8                HAL_PWREx_GetVoltageRange
 .text.HAL_PWREx_ControlVoltageScaling
                0x0000000008000fd8       0x6c Drivers/STM32L4xx_HAL_Driver/Src/stm32l4xx_hal_pwr_ex.o
                0x0000000008000fd8                HAL_PWREx_ControlVoltageScaling
 .text.RCC_SetFlashLatencyFromMSIRange
                0x0000000008001044       0x84 Drivers/STM32L4xx_HAL_Driver/Src/stm32l4xx_hal_rcc.o
 .text.HAL_RCC_GetSysClockFreq
                0x00000000080010c8      0x13c Drivers/STM32L4xx_HAL_Driver/Src/stm32l4xx_hal_rcc.o
                0x00000000080010c8                HAL_RCC_GetSysClockFreq
 .text.HAL_RCC_OscConfig
                0x0000000008001204      0x4e4 Drivers/STM32L4xx_HAL_Driver/Src/stm32l4xx_hal_rcc.o
                0x0000000008001204                HAL_RCC_OscConfig
 .text.HAL_RCC_ClockConfig
                0x00000000080016e8      0x170 Drivers/STM32L4xx_HAL_Driver/Src/stm32l4xx_hal_rcc.o
                0x00000000080016e8                HAL_RCC_ClockConfig
 .text.HAL_RCC_GetHCLKFreq
                0x0000000008001858        0xc Drivers/STM32L4xx_HAL_Driver/Src/stm32l4xx_hal_rcc.o
                0x0000000008001858                HAL_RCC_GetHCLKFreq
 .text.HAL_RCC_GetPCLK1Freq
                0x0000000008001864       0x30 Drivers/STM32L4xx_HAL_Driver/Src/stm32l4xx_hal_rcc.o
                0x0000000008001864                HAL_RCC_GetPCLK1Freq
 .text.HAL_RCC_GetPCLK2Freq
                0x0000000008001894       0x30 Drivers/STM32L4xx_HAL_Driver/Src/stm32l4xx_hal_rcc.o
                0x0000000008001894                HAL_RCC_GetPCLK2Freq
 .text.HAL_RCC_GetClockConfig
                0x00000000080018c4       0x3c Drivers/STM32L4xx_HAL_Driver/Src/stm32l4xx_hal_rcc.o
                0x00000000080018c4                HAL_RCC_GetClockConfig
 .text.RCCEx_PLLSAI1_Config
                0x0000000008001900      0x170 Drivers/STM32L4xx_HAL_Driver/Src/stm32l4xx_hal_rcc_ex.o
 .text.HAL_RCCEx_PeriphCLKConfig
                0x0000000008001a70      0x284 Drivers/STM32L4xx_HAL_Driver/Src/stm32l4xx_hal_rcc_ex.o
                0x0000000008001a70                HAL_RCCEx_PeriphCLKConfig
 .text.HAL_TIM_Base_MspInit
                0x0000000008001cf4        0x2 Drivers/STM32L4xx_HAL_Driver/Src/stm32l4xx_hal_tim.o
                0x0000000008001cf4                HAL_TIM_Base_MspInit
 .text.HAL_TIM_Base_Start_IT
                0x0000000008001cf6       0x16 Drivers/STM32L4xx_HAL_Driver/Src/stm32l4xx_hal_tim.o
                0x0000000008001cf6                HAL_TIM_Base_Start_IT
 .text.HAL_TIM_OC_DelayElapsedCallback
                0x0000000008001d0c        0x2 Drivers/STM32L4xx_HAL_Driver/Src/stm32l4xx_hal_tim.o
                0x0000000008001d0c                HAL_TIM_OC_DelayElapsedCallback
 .text.HAL_TIM_IC_CaptureCallback
                0x0000000008001d0e        0x2 Drivers/STM32L4xx_HAL_Driver/Src/stm32l4xx_hal_tim.o
                0x0000000008001d0e                HAL_TIM_IC_CaptureCallback
 .text.HAL_TIM_PWM_PulseFinishedCallback
                0x0000000008001d10        0x2 Drivers/STM32L4xx_HAL_Driver/Src/stm32l4xx_hal_tim.o
                0x0000000008001d10                HAL_TIM_PWM_PulseFinishedCallback
 .text.HAL_TIM_TriggerCallback
                0x0000000008001d12        0x2 Drivers/STM32L4xx_HAL_Driver/Src/stm32l4xx_hal_tim.o
                0x0000000008001d12                HAL_TIM_TriggerCallback
 .text.HAL_TIM_IRQHandler
                0x0000000008001d14      0x144 Drivers/STM32L4xx_HAL_Driver/Src/stm32l4xx_hal_tim.o
                0x0000000008001d14                HAL_TIM_IRQHandler
 .text.TIM_Base_SetConfig
                0x0000000008001e58       0x6c Drivers/STM32L4xx_HAL_Driver/Src/stm32l4xx_hal_tim.o
                0x0000000008001e58                TIM_Base_SetConfig
 .text.HAL_TIM_Base_Init
                0x0000000008001ec4       0x34 Drivers/STM32L4xx_HAL_Driver/Src/stm32l4xx_hal_tim.o
                0x0000000008001ec4                HAL_TIM_Base_Init
 .text.HAL_TIMEx_CommutationCallback
                0x0000000008001ef8        0x2 Drivers/STM32L4xx_HAL_Driver/Src/stm32l4xx_hal_tim_ex.o
                0x0000000008001ef8                HAL_TIMEx_CommutationCallback
 .text.HAL_TIMEx_BreakCallback
                0x0000000008001efa        0x2 Drivers/STM32L4xx_HAL_Driver/Src/stm32l4xx_hal_tim_ex.o
                0x0000000008001efa                HAL_TIMEx_BreakCallback
 .text.UART_EndRxTransfer
                0x0000000008001efc       0x1a Drivers/STM32L4xx_HAL_Driver/Src/stm32l4xx_hal_uart.o
 *fill*         0x0000000008001f16        0x2 
 .text.HAL_UART_Transmit_DMA
                0x0000000008001f18       0x78 Drivers/STM32L4xx_HAL_Driver/Src/stm32l4xx_hal_uart.o
                0x0000000008001f18                HAL_UART_Transmit_DMA
 .text.HAL_UART_Receive_DMA
                0x0000000008001f90       0x88 Drivers/STM32L4xx_HAL_Driver/Src/stm32l4xx_hal_uart.o
                0x0000000008001f90                HAL_UART_Receive_DMA
 .text.UART_DMATransmitCplt
                0x0000000008002018       0x2e Drivers/STM32L4xx_HAL_Driver/Src/stm32l4xx_hal_uart.o
 .text.HAL_UART_TxHalfCpltCallback
                0x0000000008002046        0x2 Drivers/STM32L4xx_HAL_Driver/Src/stm32l4xx_hal_uart.o
                0x0000000008002046                HAL_UART_TxHalfCpltCallback
 .text.UART_DMATxHalfCplt
                0x0000000008002048        0xa Drivers/STM32L4xx_HAL_Driver/Src/stm32l4xx_hal_uart.o
 .text.UART_DMAReceiveCplt
                0x0000000008002052       0x3a Drivers/STM32L4xx_HAL_Driver/Src/stm32l4xx_hal_uart.o
 .text.UART_Receive_IT
                0x000000000800208c       0x72 Drivers/STM32L4xx_HAL_Driver/Src/stm32l4xx_hal_uart.o
 .text.HAL_UART_RxHalfCpltCallback
                0x00000000080020fe        0x2 Drivers/STM32L4xx_HAL_Driver/Src/stm32l4xx_hal_uart.o
                0x00000000080020fe                HAL_UART_RxHalfCpltCallback
 .text.UART_DMARxHalfCplt
                0x0000000008002100        0xa Drivers/STM32L4xx_HAL_Driver/Src/stm32l4xx_hal_uart.o
 .text.HAL_UART_ErrorCallback
                0x000000000800210a        0x2 Drivers/STM32L4xx_HAL_Driver/Src/stm32l4xx_hal_uart.o
                0x000000000800210a                HAL_UART_ErrorCallback
 .text.UART_DMAError
                0x000000000800210c       0x54 Drivers/STM32L4xx_HAL_Driver/Src/stm32l4xx_hal_uart.o
 .text.HAL_UART_IRQHandler
                0x0000000008002160      0x184 Drivers/STM32L4xx_HAL_Driver/Src/stm32l4xx_hal_uart.o
                0x0000000008002160                HAL_UART_IRQHandler
 .text.UART_DMAAbortOnError
                0x00000000080022e4       0x14 Drivers/STM32L4xx_HAL_Driver/Src/stm32l4xx_hal_uart.o
 .text.HAL_UART_GetState
                0x00000000080022f8        0xc Drivers/STM32L4xx_HAL_Driver/Src/stm32l4xx_hal_uart.o
                0x00000000080022f8                HAL_UART_GetState
 .text.UART_SetConfig
                0x0000000008002304      0x234 Drivers/STM32L4xx_HAL_Driver/Src/stm32l4xx_hal_uart.o
                0x0000000008002304                UART_SetConfig
 .text.UART_AdvFeatureConfig
                0x0000000008002538       0xa8 Drivers/STM32L4xx_HAL_Driver/Src/stm32l4xx_hal_uart.o
                0x0000000008002538                UART_AdvFeatureConfig
 .text.UART_WaitOnFlagUntilTimeout
                0x00000000080025e0       0x62 Drivers/STM32L4xx_HAL_Driver/Src/stm32l4xx_hal_uart.o
                0x00000000080025e0                UART_WaitOnFlagUntilTimeout
 .text.UART_CheckIdleState
                0x0000000008002642       0x68 Drivers/STM32L4xx_HAL_Driver/Src/stm32l4xx_hal_uart.o
                0x0000000008002642                UART_CheckIdleState
 .text.HAL_UART_Init
                0x00000000080026aa       0x64 Drivers/STM32L4xx_HAL_Driver/Src/stm32l4xx_hal_uart.o
                0x00000000080026aa                HAL_UART_Init
 .text.HAL_UARTEx_WakeupCallback
                0x000000000800270e        0x2 Drivers/STM32L4xx_HAL_Driver/Src/stm32l4xx_hal_uart_ex.o
                0x000000000800270e                HAL_UARTEx_WakeupCallback
 .text.HAL_WWDG_Init
                0x0000000008002710       0x28 Drivers/STM32L4xx_HAL_Driver/Src/stm32l4xx_hal_wwdg.o
                0x0000000008002710                HAL_WWDG_Init
 .text.HAL_WWDG_Refresh
                0x0000000008002738        0xa Drivers/STM32L4xx_HAL_Driver/Src/stm32l4xx_hal_wwdg.o
                0x0000000008002738                HAL_WWDG_Refresh
 .text.osKernelStart
                0x0000000008002742        0xa Middlewares/Third_Party/FreeRTOS/Source/CMSIS_RTOS/cmsis_os.o
                0x0000000008002742                osKernelStart
 .text.osThreadCreate
                0x000000000800274c       0x38 Middlewares/Third_Party/FreeRTOS/Source/CMSIS_RTOS/cmsis_os.o
                0x000000000800274c                osThreadCreate
 .text.osDelay  0x0000000008002784       0x10 Middlewares/Third_Party/FreeRTOS/Source/CMSIS_RTOS/cmsis_os.o
                0x0000000008002784                osDelay
 .text.osTimerCreate
                0x0000000008002794       0x20 Middlewares/Third_Party/FreeRTOS/Source/CMSIS_RTOS/cmsis_os.o
                0x0000000008002794                osTimerCreate
 .text.osTimerStart
                0x00000000080027b4       0x54 Middlewares/Third_Party/FreeRTOS/Source/CMSIS_RTOS/cmsis_os.o
                0x00000000080027b4                osTimerStart
 .text.osMutexCreate
                0x0000000008002808        0x6 Middlewares/Third_Party/FreeRTOS/Source/CMSIS_RTOS/cmsis_os.o
                0x0000000008002808                osMutexCreate
 .text.osMessageCreate
                0x000000000800280e        0x8 Middlewares/Third_Party/FreeRTOS/Source/CMSIS_RTOS/cmsis_os.o
                0x000000000800280e                osMessageCreate
 .text.osSystickHandler
                0x0000000008002816       0x14 Middlewares/Third_Party/FreeRTOS/Source/CMSIS_RTOS/cmsis_os.o
                0x0000000008002816                osSystickHandler
 .text.vListInitialise
                0x000000000800282a       0x16 Middlewares/Third_Party/FreeRTOS/Source/list.o
                0x000000000800282a                vListInitialise
 .text.vListInitialiseItem
                0x0000000008002840        0x6 Middlewares/Third_Party/FreeRTOS/Source/list.o
                0x0000000008002840                vListInitialiseItem
 .text.vListInsertEnd
                0x0000000008002846       0x18 Middlewares/Third_Party/FreeRTOS/Source/list.o
                0x0000000008002846                vListInsertEnd
 .text.vListInsert
                0x000000000800285e       0x30 Middlewares/Third_Party/FreeRTOS/Source/list.o
                0x000000000800285e                vListInsert
 .text.uxListRemove
                0x000000000800288e       0x20 Middlewares/Third_Party/FreeRTOS/Source/list.o
                0x000000000800288e                uxListRemove
 .text.unlikely.prvCopyDataToQueue
                0x00000000080028ae       0x6a Middlewares/Third_Party/FreeRTOS/Source/queue.o
 .text.unlikely.prvCopyDataFromQueue
                0x0000000008002918       0x2a Middlewares/Third_Party/FreeRTOS/Source/queue.o
 .text.prvUnlockQueue
                0x0000000008002942       0x68 Middlewares/Third_Party/FreeRTOS/Source/queue.o
 *fill*         0x00000000080029aa        0x2 
 .text.xQueueGenericReset
                0x00000000080029ac       0x80 Middlewares/Third_Party/FreeRTOS/Source/queue.o
                0x00000000080029ac                xQueueGenericReset
 .text.xQueueGenericCreate
                0x0000000008002a2c       0x5e Middlewares/Third_Party/FreeRTOS/Source/queue.o
                0x0000000008002a2c                xQueueGenericCreate
 *fill*         0x0000000008002a8a        0x2 
 .text.xQueueGenericSend
                0x0000000008002a8c      0x164 Middlewares/Third_Party/FreeRTOS/Source/queue.o
                0x0000000008002a8c                xQueueGenericSend
 .text.xQueueCreateMutex
                0x0000000008002bf0       0x44 Middlewares/Third_Party/FreeRTOS/Source/queue.o
                0x0000000008002bf0                xQueueCreateMutex
 .text.xQueueGenericSendFromISR
                0x0000000008002c34       0xb8 Middlewares/Third_Party/FreeRTOS/Source/queue.o
                0x0000000008002c34                xQueueGenericSendFromISR
 .text.xQueueGenericReceive
                0x0000000008002cec      0x16c Middlewares/Third_Party/FreeRTOS/Source/queue.o
                0x0000000008002cec                xQueueGenericReceive
 .text.xQueueReceiveFromISR
                0x0000000008002e58       0x88 Middlewares/Third_Party/FreeRTOS/Source/queue.o
                0x0000000008002e58                xQueueReceiveFromISR
 .text.uxQueueMessagesWaiting
                0x0000000008002ee0       0x26 Middlewares/Third_Party/FreeRTOS/Source/queue.o
                0x0000000008002ee0                uxQueueMessagesWaiting
 .text.uxQueueMessagesWaitingFromISR
                0x0000000008002f06       0x18 Middlewares/Third_Party/FreeRTOS/Source/queue.o
                0x0000000008002f06                uxQueueMessagesWaitingFromISR
 *fill*         0x0000000008002f1e        0x2 
 .text.vQueueAddToRegistry
                0x0000000008002f20       0x28 Middlewares/Third_Party/FreeRTOS/Source/queue.o
                0x0000000008002f20                vQueueAddToRegistry
 .text.vQueueWaitForMessageRestricted
                0x0000000008002f48       0x3e Middlewares/Third_Party/FreeRTOS/Source/queue.o
                0x0000000008002f48                vQueueWaitForMessageRestricted
 *fill*         0x0000000008002f86        0x2 
 .text.prvResetNextTaskUnblockTime
                0x0000000008002f88       0x20 Middlewares/Third_Party/FreeRTOS/Source/tasks.o
 .text.prvAddCurrentTaskToDelayedList
                0x0000000008002fa8       0x38 Middlewares/Third_Party/FreeRTOS/Source/tasks.o
 .text.xTaskGenericCreate.part.4
                0x0000000008002fe0      0x19c Middlewares/Third_Party/FreeRTOS/Source/tasks.o
 .text.vTaskSetTimeOutState.part.5
                0x000000000800317c       0x12 Middlewares/Third_Party/FreeRTOS/Source/tasks.o
 .text.xTaskGenericCreate
                0x000000000800318e       0x3c Middlewares/Third_Party/FreeRTOS/Source/tasks.o
                0x000000000800318e                xTaskGenericCreate
 *fill*         0x00000000080031ca        0x2 
 .text.vTaskStartScheduler
                0x00000000080031cc       0x70 Middlewares/Third_Party/FreeRTOS/Source/tasks.o
                0x00000000080031cc                vTaskStartScheduler
 .text.vTaskSuspendAll
                0x000000000800323c       0x14 Middlewares/Third_Party/FreeRTOS/Source/tasks.o
                0x000000000800323c                vTaskSuspendAll
 .text.xTaskGetTickCount
                0x0000000008003250        0xc Middlewares/Third_Party/FreeRTOS/Source/tasks.o
                0x0000000008003250                xTaskGetTickCount
 .text.xTaskIncrementTick
                0x000000000800325c       0xf4 Middlewares/Third_Party/FreeRTOS/Source/tasks.o
                0x000000000800325c                xTaskIncrementTick
 .text.xTaskResumeAll
                0x0000000008003350       0xe8 Middlewares/Third_Party/FreeRTOS/Source/tasks.o
                0x0000000008003350                xTaskResumeAll
 .text.vTaskDelay
                0x0000000008003438       0x70 Middlewares/Third_Party/FreeRTOS/Source/tasks.o
                0x0000000008003438                vTaskDelay
 .text.prvIdleTask
                0x00000000080034a8       0x70 Middlewares/Third_Party/FreeRTOS/Source/tasks.o
 .text.vTaskSwitchContext
                0x0000000008003518       0x98 Middlewares/Third_Party/FreeRTOS/Source/tasks.o
                0x0000000008003518                vTaskSwitchContext
 .text.vTaskPlaceOnEventList
                0x00000000080035b0       0x68 Middlewares/Third_Party/FreeRTOS/Source/tasks.o
                0x00000000080035b0                vTaskPlaceOnEventList
 .text.vTaskPlaceOnEventListRestricted
                0x0000000008003618       0x6c Middlewares/Third_Party/FreeRTOS/Source/tasks.o
                0x0000000008003618                vTaskPlaceOnEventListRestricted
 .text.xTaskRemoveFromEventList
                0x0000000008003684       0x78 Middlewares/Third_Party/FreeRTOS/Source/tasks.o
                0x0000000008003684                xTaskRemoveFromEventList
 .text.vTaskSetTimeOutState
                0x00000000080036fc       0x1c Middlewares/Third_Party/FreeRTOS/Source/tasks.o
                0x00000000080036fc                vTaskSetTimeOutState
 .text.xTaskCheckForTimeOut
                0x0000000008003718       0x70 Middlewares/Third_Party/FreeRTOS/Source/tasks.o
                0x0000000008003718                xTaskCheckForTimeOut
 .text.vTaskMissedYield
                0x0000000008003788       0x10 Middlewares/Third_Party/FreeRTOS/Source/tasks.o
                0x0000000008003788                vTaskMissedYield
 .text.xTaskGetSchedulerState
                0x0000000008003798       0x20 Middlewares/Third_Party/FreeRTOS/Source/tasks.o
                0x0000000008003798                xTaskGetSchedulerState
 .text.vTaskPriorityInherit
                0x00000000080037b8       0x94 Middlewares/Third_Party/FreeRTOS/Source/tasks.o
                0x00000000080037b8                vTaskPriorityInherit
 .text.xTaskPriorityDisinherit
                0x000000000800384c       0xa4 Middlewares/Third_Party/FreeRTOS/Source/tasks.o
                0x000000000800384c                xTaskPriorityDisinherit
 .text.pvTaskIncrementMutexHeldCount
                0x00000000080038f0       0x18 Middlewares/Third_Party/FreeRTOS/Source/tasks.o
                0x00000000080038f0                pvTaskIncrementMutexHeldCount
 .text.prvInsertTimerInActiveList
                0x0000000008003908       0x38 Middlewares/Third_Party/FreeRTOS/Source/timers.o
 .text.xTimerGenericCommand.part.2
                0x0000000008003940       0x12 Middlewares/Third_Party/FreeRTOS/Source/timers.o
 *fill*         0x0000000008003952        0x2 
 .text.prvCheckForValidListAndQueue
                0x0000000008003954       0x4c Middlewares/Third_Party/FreeRTOS/Source/timers.o
 .text.xTimerCreateTimerTask
                0x00000000080039a0       0x4c Middlewares/Third_Party/FreeRTOS/Source/timers.o
                0x00000000080039a0                xTimerCreateTimerTask
 .text.xTimerCreate
                0x00000000080039ec       0x4a Middlewares/Third_Party/FreeRTOS/Source/timers.o
                0x00000000080039ec                xTimerCreate
 *fill*         0x0000000008003a36        0x2 
 .text.xTimerGenericCommand
                0x0000000008003a38       0x4c Middlewares/Third_Party/FreeRTOS/Source/timers.o
                0x0000000008003a38                xTimerGenericCommand
 .text.prvSwitchTimerLists
                0x0000000008003a84       0x7c Middlewares/Third_Party/FreeRTOS/Source/timers.o
 .text.prvTimerTask
                0x0000000008003b00      0x19c Middlewares/Third_Party/FreeRTOS/Source/timers.o
 .text.prvTaskExitError
                0x0000000008003c9c       0x30 Middlewares/Third_Party/FreeRTOS/Source/portable/GCC/ARM_CM4F/port.o
 .text.prvPortStartFirstTask
                0x0000000008003ccc       0x20 Middlewares/Third_Party/FreeRTOS/Source/portable/GCC/ARM_CM4F/port.o
 .text.vPortEnableVFP
                0x0000000008003cec       0x14 Middlewares/Third_Party/FreeRTOS/Source/portable/GCC/ARM_CM4F/port.o
 .text.pxPortInitialiseStack
                0x0000000008003d00       0x24 Middlewares/Third_Party/FreeRTOS/Source/portable/GCC/ARM_CM4F/port.o
                0x0000000008003d00                pxPortInitialiseStack
 .text.SVC_Handler
                0x0000000008003d24       0x20 Middlewares/Third_Party/FreeRTOS/Source/portable/GCC/ARM_CM4F/port.o
                0x0000000008003d24                SVC_Handler
 .text.vPortEnterCritical
                0x0000000008003d44       0x44 Middlewares/Third_Party/FreeRTOS/Source/portable/GCC/ARM_CM4F/port.o
                0x0000000008003d44                vPortEnterCritical
 .text.vPortExitCritical
                0x0000000008003d88       0x28 Middlewares/Third_Party/FreeRTOS/Source/portable/GCC/ARM_CM4F/port.o
                0x0000000008003d88                vPortExitCritical
 .text.PendSV_Handler
                0x0000000008003db0       0x60 Middlewares/Third_Party/FreeRTOS/Source/portable/GCC/ARM_CM4F/port.o
                0x0000000008003db0                PendSV_Handler
 .text.xPortSysTickHandler
                0x0000000008003e10       0x30 Middlewares/Third_Party/FreeRTOS/Source/portable/GCC/ARM_CM4F/port.o
                0x0000000008003e10                xPortSysTickHandler
 .text.vPortSetupTimerInterrupt
                0x0000000008003e40       0x28 Middlewares/Third_Party/FreeRTOS/Source/portable/GCC/ARM_CM4F/port.o
                0x0000000008003e40                vPortSetupTimerInterrupt
 .text.xPortStartScheduler
                0x0000000008003e68       0xe4 Middlewares/Third_Party/FreeRTOS/Source/portable/GCC/ARM_CM4F/port.o
                0x0000000008003e68                xPortStartScheduler
 .text.vPortValidateInterruptPriority
                0x0000000008003f4c       0x54 Middlewares/Third_Party/FreeRTOS/Source/portable/GCC/ARM_CM4F/port.o
                0x0000000008003f4c                vPortValidateInterruptPriority
 .text.unlikely.prvInsertBlockIntoFreeList
                0x0000000008003fa0       0x44 Middlewares/Third_Party/FreeRTOS/Source/portable/MemMang/heap_4.o
 .text.pvPortMalloc
                0x0000000008003fe4      0x128 Middlewares/Third_Party/FreeRTOS/Source/portable/MemMang/heap_4.o
                0x0000000008003fe4                pvPortMalloc
 .text.vPortFree
                0x000000000800410c       0x70 Middlewares/Third_Party/FreeRTOS/Source/portable/MemMang/heap_4.o
                0x000000000800410c                vPortFree
 .text.empty    0x000000000800417c        0x2 Src/can.o
 *fill*         0x000000000800417e        0x2 
 .text.bxCan_begin
                0x0000000008004180       0x2c Src/can.o
                0x0000000008004180                bxCan_begin
 .text.bxCan_addMaskedFilterStd
                0x00000000080041ac      0x134 Src/can.o
                0x00000000080041ac                bxCan_addMaskedFilterStd
 .text.bxCan_addMaskedFilterExt
                0x00000000080042e0       0xa4 Src/can.o
                0x00000000080042e0                bxCan_addMaskedFilterExt
 .text.bxCan_addFilterStd
                0x0000000008004384      0x104 Src/can.o
                0x0000000008004384                bxCan_addFilterStd
 .text.bxCan_addFilterExt
                0x0000000008004488      0x120 Src/can.o
                0x0000000008004488                bxCan_addFilterExt
 .text.bxCan_getFilter
                0x00000000080045a8      0x144 Src/can.o
                0x00000000080045a8                bxCan_getFilter
 .text.bxCan_removeFilter
                0x00000000080046ec       0x60 Src/can.o
                0x00000000080046ec                bxCan_removeFilter
 .text.bxCan_getFilterNum
                0x000000000800474c       0x2c Src/can.o
                0x000000000800474c                bxCan_getFilterNum
 .text.Can_availableForTx
                0x0000000008004778       0x20 Src/can.o
                0x0000000008004778                Can_availableForTx
 .text.bxCanDoTx
                0x0000000008004798       0xbc Src/can.o
                0x0000000008004798                bxCanDoTx
 .text.bxCan_sendFrame
                0x0000000008004854       0x28 Src/can.o
                0x0000000008004854                bxCan_sendFrame
 .text.HAL_CAN_TxCpltCallback
                0x000000000800487c       0x20 Src/can.o
                0x000000000800487c                HAL_CAN_TxCpltCallback
 .text.HAL_CAN_RxCpltCallback
                0x000000000800489c       0x78 Src/can.o
                0x000000000800489c                HAL_CAN_RxCpltCallback
 .text.HAL_CAN_ErrorCallback
                0x0000000008004914       0x18 Src/can.o
                0x0000000008004914                HAL_CAN_ErrorCallback
 .text.bxCan_setTxCallback
                0x000000000800492c        0xc Src/can.o
                0x000000000800492c                bxCan_setTxCallback
 .text.bxCan_setErrCallback
                0x0000000008004938        0xc Src/can.o
                0x0000000008004938                bxCan_setErrCallback
 .text.vApplicationStackOverflowHook
                0x0000000008004944        0x2 Src/freertos.o
                0x0000000008004944                vApplicationStackOverflowHook
 .text.vApplicationMallocFailedHook
                0x0000000008004946        0x2 Src/freertos.o
                0x0000000008004946                vApplicationMallocFailedHook
 .text.cantxcb  0x0000000008004948       0x10 Src/main.o
                0x0000000008004948                cantxcb
 .text.canercb  0x0000000008004958        0xc Src/main.o
                0x0000000008004958                canercb
 .text.waitTilAvail
                0x0000000008004964       0x16 Src/main.o
 *fill*         0x000000000800497a        0x2 
 .text.TmrKickDog
                0x000000000800497c       0x18 Src/main.o
                0x000000000800497c                TmrKickDog
 .text.notifySuccess
                0x0000000008004994       0x34 Src/main.o
                0x0000000008004994                notifySuccess
 .text.notifyFail
                0x00000000080049c8       0x34 Src/main.o
                0x00000000080049c8                notifyFail
 .text.toHex    0x00000000080049fc        0xc Src/main.o
                0x00000000080049fc                toHex
 .text.fromHex  0x0000000008004a08       0x28 Src/main.o
                0x0000000008004a08                fromHex
 .text.intToDec
                0x0000000008004a30       0x5a Src/main.o
                0x0000000008004a30                intToDec
 .text.intToHex
                0x0000000008004a8a       0x20 Src/main.o
                0x0000000008004a8a                intToHex
 *fill*         0x0000000008004aaa        0x2 
 .text.doProcessCan
                0x0000000008004aac      0x138 Src/main.o
                0x0000000008004aac                doProcessCan
 .text.logError
                0x0000000008004be4       0xb0 Src/main.o
                0x0000000008004be4                logError
 .text.doHousekeeping
                0x0000000008004c94       0x98 Src/main.o
                0x0000000008004c94                doHousekeeping
 .text.parseFilter
                0x0000000008004d2c      0x12c Src/main.o
                0x0000000008004d2c                parseFilter
 .text.parseFrame
                0x0000000008004e58       0xe4 Src/main.o
                0x0000000008004e58                parseFrame
 .text.displayHelp
                0x0000000008004f3c       0x34 Src/main.o
                0x0000000008004f3c                displayHelp
 .text.listFilters
                0x0000000008004f70      0x1a4 Src/main.o
                0x0000000008004f70                listFilters
 .text.deleteFilter
                0x0000000008005114       0x70 Src/main.o
                0x0000000008005114                deleteFilter
 .text.doProcessUart
                0x0000000008005184       0xa0 Src/main.o
                0x0000000008005184                doProcessUart
 .text.SystemClock_Config
                0x0000000008005224       0x90 Src/main.o
                0x0000000008005224                SystemClock_Config
 .text.startup.main
                0x00000000080052b4      0x2bc Src/main.o
                0x00000000080052b4                main
 .text.HAL_TIM_PeriodElapsedCallback
                0x0000000008005570       0x14 Src/main.o
                0x0000000008005570                HAL_TIM_PeriodElapsedCallback
 .text.doTx.isra.0
                0x0000000008005584       0x8c Src/serial.o
 .text.Serial2_begin
                0x0000000008005610       0x14 Src/serial.o
                0x0000000008005610                Serial2_begin
 .text.HAL_UART_RxCpltCallback
                0x0000000008005624       0x18 Src/serial.o
                0x0000000008005624                HAL_UART_RxCpltCallback
 .text.Serial2_available
                0x000000000800563c       0x50 Src/serial.o
                0x000000000800563c                Serial2_available
 .text.Serial2_read
                0x000000000800568c       0x3c Src/serial.o
                0x000000000800568c                Serial2_read
 .text.Serial2_availableForWrite
                0x00000000080056c8       0x18 Src/serial.o
                0x00000000080056c8                Serial2_availableForWrite
 .text.HAL_UART_TxCpltCallback
                0x00000000080056e0       0x14 Src/serial.o
                0x00000000080056e0                HAL_UART_TxCpltCallback
 .text.Serial2_writeBytes
                0x00000000080056f4       0x7c Src/serial.o
                0x00000000080056f4                Serial2_writeBytes
 .text.Serial2_write
                0x0000000008005770       0x14 Src/serial.o
                0x0000000008005770                Serial2_write
 .text.HAL_MspInit
                0x0000000008005784       0x8c Src/stm32l4xx_hal_msp.o
                0x0000000008005784                HAL_MspInit
 .text.HAL_CAN_MspInit
                0x0000000008005810       0x8c Src/stm32l4xx_hal_msp.o
                0x0000000008005810                HAL_CAN_MspInit
 .text.HAL_UART_MspInit
                0x000000000800589c       0xdc Src/stm32l4xx_hal_msp.o
                0x000000000800589c                HAL_UART_MspInit
 .text.HAL_WWDG_MspInit
                0x0000000008005978       0x28 Src/stm32l4xx_hal_msp.o
                0x0000000008005978                HAL_WWDG_MspInit
 .text.HAL_InitTick
                0x00000000080059a0       0x78 Src/stm32l4xx_hal_timebase_TIM.o
                0x00000000080059a0                HAL_InitTick
 .text.SysTick_Handler
                0x0000000008005a18        0x4 Src/stm32l4xx_it.o
                0x0000000008005a18                SysTick_Handler
 .text.DMA1_Channel6_IRQHandler
                0x0000000008005a1c        0xc Src/stm32l4xx_it.o
                0x0000000008005a1c                DMA1_Channel6_IRQHandler
 .text.DMA1_Channel7_IRQHandler
                0x0000000008005a28        0xc Src/stm32l4xx_it.o
                0x0000000008005a28                DMA1_Channel7_IRQHandler
 .text.CAN1_SCE_IRQHandler
                0x0000000008005a34        0xc Src/stm32l4xx_it.o
                0x0000000008005a34                CAN1_SCE_IRQHandler
 .text.CAN1_RX1_IRQHandler
                0x0000000008005a40        0x4 Src/stm32l4xx_it.o
                0x0000000008005a40                CAN1_RX1_IRQHandler
 .text.CAN1_RX0_IRQHandler
                0x0000000008005a44        0x4 Src/stm32l4xx_it.o
                0x0000000008005a44                CAN1_RX0_IRQHandler
 .text.CAN1_TX_IRQHandler
                0x0000000008005a48        0x4 Src/stm32l4xx_it.o
                0x0000000008005a48                CAN1_TX_IRQHandler
 .text.USART2_IRQHandler
                0x0000000008005a4c        0xc Src/stm32l4xx_it.o
                0x0000000008005a4c                USART2_IRQHandler
 .text.TIM6_DAC_IRQHandler
                0x0000000008005a58        0xc Src/stm32l4xx_it.o
                0x0000000008005a58                TIM6_DAC_IRQHandler
 .text.SystemInit
                0x0000000008005a64       0x48 Src/system_stm32l4xx.o
                0x0000000008005a64                SystemInit
 .text.__libc_init_array
                0x0000000008005aac       0x4c /Applications/Ac6/SystemWorkbench.app/Contents/Eclipse/plugins/fr.ac6.mcu.externaltools.arm-none.macos64_1.12.0.201611241417/tools/compiler/bin/../lib/gcc/arm-none-eabi/5.4.1/../../../../arm-none-eabi/lib/armv7e-m/fpu/libc_nano.a(lib_a-init.o)
                0x0000000008005aac                __libc_init_array
 .text.memcpy   0x0000000008005af8       0x16 /Applications/Ac6/SystemWorkbench.app/Contents/Eclipse/plugins/fr.ac6.mcu.externaltools.arm-none.macos64_1.12.0.201611241417/tools/compiler/bin/../lib/gcc/arm-none-eabi/5.4.1/../../../../arm-none-eabi/lib/armv7e-m/fpu/libc_nano.a(lib_a-memcpy-stub.o)
                0x0000000008005af8                memcpy
 .text.memset   0x0000000008005b0e       0x10 /Applications/Ac6/SystemWorkbench.app/Contents/Eclipse/plugins/fr.ac6.mcu.externaltools.arm-none.macos64_1.12.0.201611241417/tools/compiler/bin/../lib/gcc/arm-none-eabi/5.4.1/../../../../arm-none-eabi/lib/armv7e-m/fpu/libc_nano.a(lib_a-memset.o)
                0x0000000008005b0e                memset
 *(.glue_7)
 .glue_7        0x0000000008005b1e        0x0 linker stubs
 *(.glue_7t)
 .glue_7t       0x0000000008005b1e        0x0 linker stubs
 *(.eh_frame)
 *fill*         0x0000000008005b1e        0x2 
 .eh_frame      0x0000000008005b20        0x0 /Applications/Ac6/SystemWorkbench.app/Contents/Eclipse/plugins/fr.ac6.mcu.externaltools.arm-none.macos64_1.12.0.201611241417/tools/compiler/bin/../lib/gcc/arm-none-eabi/5.4.1/armv7e-m/fpu/crtbegin.o
 *(.init)
 .init          0x0000000008005b20        0x4 /Applications/Ac6/SystemWorkbench.app/Contents/Eclipse/plugins/fr.ac6.mcu.externaltools.arm-none.macos64_1.12.0.201611241417/tools/compiler/bin/../lib/gcc/arm-none-eabi/5.4.1/armv7e-m/fpu/crti.o
                0x0000000008005b20                _init
 .init          0x0000000008005b24        0x8 /Applications/Ac6/SystemWorkbench.app/Contents/Eclipse/plugins/fr.ac6.mcu.externaltools.arm-none.macos64_1.12.0.201611241417/tools/compiler/bin/../lib/gcc/arm-none-eabi/5.4.1/armv7e-m/fpu/crtn.o
 *(.fini)
 .fini          0x0000000008005b2c        0x4 /Applications/Ac6/SystemWorkbench.app/Contents/Eclipse/plugins/fr.ac6.mcu.externaltools.arm-none.macos64_1.12.0.201611241417/tools/compiler/bin/../lib/gcc/arm-none-eabi/5.4.1/armv7e-m/fpu/crti.o
                0x0000000008005b2c                _fini
 .fini          0x0000000008005b30        0x8 /Applications/Ac6/SystemWorkbench.app/Contents/Eclipse/plugins/fr.ac6.mcu.externaltools.arm-none.macos64_1.12.0.201611241417/tools/compiler/bin/../lib/gcc/arm-none-eabi/5.4.1/armv7e-m/fpu/crtn.o
                0x0000000008005b38                . = ALIGN (0x8)
                0x0000000008005b38                _etext = .

.vfp11_veneer   0x0000000008005b38        0x0
 .vfp11_veneer  0x0000000008005b38        0x0 linker stubs

.v4_bx          0x0000000008005b38        0x0
 .v4_bx         0x0000000008005b38        0x0 linker stubs

.iplt           0x0000000008005b38        0x0
 .iplt          0x0000000008005b38        0x0 /Applications/Ac6/SystemWorkbench.app/Contents/Eclipse/plugins/fr.ac6.mcu.externaltools.arm-none.macos64_1.12.0.201611241417/tools/compiler/bin/../lib/gcc/arm-none-eabi/5.4.1/armv7e-m/fpu/crtbegin.o

.rodata         0x0000000008005b38       0xd8
                0x0000000008005b38                . = ALIGN (0x8)
 *(.rodata)
 .rodata        0x0000000008005b38       0x11 Drivers/STM32L4xx_HAL_Driver/Src/stm32l4xx_hal_uart.o
 *fill*         0x0000000008005b49        0x3 
 .rodata        0x0000000008005b4c       0x44 Src/main.o
 .rodata        0x0000000008005b90       0x48 Src/system_stm32l4xx.o
                0x0000000008005b90                MSIRangeTable
                0x0000000008005bc0                AHBPrescTable
                0x0000000008005bd0                APBPrescTable
 *(.rodata*)
 .rodata.str1.1
                0x0000000008005bd8        0x0 Middlewares/Third_Party/FreeRTOS/Source/CMSIS_RTOS/cmsis_os.o
                                          0x1 (size before relaxing)
 .rodata.str1.1
                0x0000000008005bd8        0x5 Middlewares/Third_Party/FreeRTOS/Source/tasks.o
 .rodata.str1.1
                0x0000000008005bdd        0xd Middlewares/Third_Party/FreeRTOS/Source/timers.o
 .rodata.str1.1
                0x0000000008005bea       0x24 Src/main.o
                0x0000000008005c10                . = ALIGN (0x8)
 *fill*         0x0000000008005c0e        0x2 

.ARM.extab      0x0000000008005c10        0x0
                0x0000000008005c10                . = ALIGN (0x8)
 *(.ARM.extab* .gnu.linkonce.armextab.*)
                0x0000000008005c10                . = ALIGN (0x8)

.ARM            0x0000000008005c10        0x8
                0x0000000008005c10                . = ALIGN (0x8)
                0x0000000008005c10                __exidx_start = .
 *(.ARM.exidx*)
 .ARM.exidx     0x0000000008005c10        0x8 /Applications/Ac6/SystemWorkbench.app/Contents/Eclipse/plugins/fr.ac6.mcu.externaltools.arm-none.macos64_1.12.0.201611241417/tools/compiler/bin/../lib/gcc/arm-none-eabi/5.4.1/armv7e-m/fpu/libgcc.a(_udivmoddi4.o)
                0x0000000008005c18                __exidx_end = .
                0x0000000008005c18                . = ALIGN (0x8)

.rel.dyn        0x0000000008005c18        0x0
 .rel.iplt      0x0000000008005c18        0x0 /Applications/Ac6/SystemWorkbench.app/Contents/Eclipse/plugins/fr.ac6.mcu.externaltools.arm-none.macos64_1.12.0.201611241417/tools/compiler/bin/../lib/gcc/arm-none-eabi/5.4.1/armv7e-m/fpu/crtbegin.o

.preinit_array  0x0000000008005c18        0x0
                0x0000000008005c18                . = ALIGN (0x8)
                0x0000000008005c18                PROVIDE (__preinit_array_start, .)
 *(.preinit_array*)
                0x0000000008005c18                PROVIDE (__preinit_array_end, .)
                0x0000000008005c18                . = ALIGN (0x8)

.init_array     0x0000000008005c18        0x8
                0x0000000008005c18                . = ALIGN (0x8)
                0x0000000008005c18                PROVIDE (__init_array_start, .)
 *(SORT(.init_array.*))
 *(.init_array*)
 .init_array    0x0000000008005c18        0x4 /Applications/Ac6/SystemWorkbench.app/Contents/Eclipse/plugins/fr.ac6.mcu.externaltools.arm-none.macos64_1.12.0.201611241417/tools/compiler/bin/../lib/gcc/arm-none-eabi/5.4.1/armv7e-m/fpu/crtbegin.o
                0x0000000008005c1c                PROVIDE (__init_array_end, .)
                0x0000000008005c20                . = ALIGN (0x8)
 *fill*         0x0000000008005c1c        0x4 

.fini_array     0x0000000008005c20        0x8
                0x0000000008005c20                . = ALIGN (0x8)
                [!provide]                        PROVIDE (__fini_array_start, .)
 *(SORT(.fini_array.*))
 *(.fini_array*)
 .fini_array    0x0000000008005c20        0x4 /Applications/Ac6/SystemWorkbench.app/Contents/Eclipse/plugins/fr.ac6.mcu.externaltools.arm-none.macos64_1.12.0.201611241417/tools/compiler/bin/../lib/gcc/arm-none-eabi/5.4.1/armv7e-m/fpu/crtbegin.o
                [!provide]                        PROVIDE (__fini_array_end, .)
                0x0000000008005c28                . = ALIGN (0x8)
 *fill*         0x0000000008005c24        0x4 
                0x0000000008005c28                _sidata = LOADADDR (.data)

.data           0x0000000020000000      0x5c8 load address 0x0000000008005c28
                0x0000000020000000                . = ALIGN (0x8)
                0x0000000020000000                _sdata = .
 *(.data)
 .data          0x0000000020000000        0x4 Middlewares/Third_Party/FreeRTOS/Source/portable/GCC/ARM_CM4F/port.o
 .data          0x0000000020000004        0x1 Src/can.o
 *fill*         0x0000000020000005        0x3 
 .data          0x0000000020000008      0x5b0 Src/main.o
                0x00000000200000e0                Err_Messages
                0x000000002000041e                ERR_invalidFilterNumMsg
                0x000000002000043a                ERR_invalidDecCharMsg
                0x000000002000045e                ERR_CanErrorCRCMsg
                0x000000002000046d                ERR_CanErrorBDMsg
                0x0000000020000484                ERR_CanErrorBRMsg
                0x000000002000049b                ERR_CanErrorACKMsg
                0x00000000200004aa                ERR_CanErrorFORMsg
                0x00000000200004c2                ERR_CanErrorSTFMsg
                0x00000000200004da                ERR_CanErrorBOFMsg
                0x00000000200004ed                ERR_CanErrorEPVMsg
                0x0000000020000506                ERR_CanErrorEWGMsg
                0x000000002000051f                ERR_idIsOutOfRangeMsg
                0x000000002000054a                ERR_invalidRtrBitsMsg
                0x0000000020000571                ERR_invalidCommandMsg
                0x0000000020000590                ERR_invalidHexCharMsg
 .data          0x00000000200005b8        0xc Src/serial.o
 .data          0x00000000200005c4        0x4 Src/system_stm32l4xx.o
                0x00000000200005c4                SystemCoreClock
 *(.data*)
                0x00000000200005c8                . = ALIGN (0x8)
                0x00000000200005c8                _edata = .

.jcr            0x00000000200005c8        0x0 load address 0x00000000080061f0
 .jcr           0x00000000200005c8        0x0 /Applications/Ac6/SystemWorkbench.app/Contents/Eclipse/plugins/fr.ac6.mcu.externaltools.arm-none.macos64_1.12.0.201611241417/tools/compiler/bin/../lib/gcc/arm-none-eabi/5.4.1/armv7e-m/fpu/crtbegin.o

.igot.plt       0x00000000200005c8        0x0 load address 0x00000000080061f0
 .igot.plt      0x00000000200005c8        0x0 /Applications/Ac6/SystemWorkbench.app/Contents/Eclipse/plugins/fr.ac6.mcu.externaltools.arm-none.macos64_1.12.0.201611241417/tools/compiler/bin/../lib/gcc/arm-none-eabi/5.4.1/armv7e-m/fpu/crtbegin.o
                0x00000000200005c8                . = ALIGN (0x4)

.bss            0x00000000200005c8     0x9048 load address 0x00000000080061f0
                0x00000000200005c8                _sbss = .
                0x00000000200005c8                __bss_start__ = _sbss
 *(.bss)
 .bss           0x00000000200005c8       0x1c /Applications/Ac6/SystemWorkbench.app/Contents/Eclipse/plugins/fr.ac6.mcu.externaltools.arm-none.macos64_1.12.0.201611241417/tools/compiler/bin/../lib/gcc/arm-none-eabi/5.4.1/armv7e-m/fpu/crtbegin.o
 .bss           0x00000000200005e4      0x114 Middlewares/Third_Party/FreeRTOS/Source/tasks.o
                0x00000000200005ec                pxCurrentTCB
 .bss           0x00000000200006f8       0x38 Middlewares/Third_Party/FreeRTOS/Source/timers.o
 .bss           0x0000000020000730        0x8 Middlewares/Third_Party/FreeRTOS/Source/portable/GCC/ARM_CM4F/port.o
 .bss           0x0000000020000738     0x7dc0 Middlewares/Third_Party/FreeRTOS/Source/portable/MemMang/heap_4.o
 .bss           0x00000000200084f8      0x2cc Src/can.o
 .bss           0x00000000200087c4       0x51 Src/main.o
 *fill*         0x0000000020008815        0x1 
 .bss           0x0000000020008816      0x407 Src/serial.o
 *(.bss*)
 *(COMMON)
 *fill*         0x0000000020008c1d        0x3 
 COMMON         0x0000000020008c20        0x4 Drivers/STM32L4xx_HAL_Driver/Src/stm32l4xx_hal.o
                0x0000000020008c20                uwTick
 COMMON         0x0000000020008c24       0x40 Middlewares/Third_Party/FreeRTOS/Source/queue.o
                0x0000000020008c24                xQueueRegistry
 COMMON         0x0000000020008c64      0x970 Src/main.o
                0x0000000020008c64                hdma_usart2_rx
                0x0000000020008cac                processCanHandle
                0x0000000020008cb0                ProcessUartHandle
                0x0000000020008cb4                mainCanRxQHandle
                0x0000000020008cb8                housekeepingHandle
                0x0000000020008cbc                UartTxMtxHandle
                0x0000000020008cc0                Serial2_buffer
                0x00000000200090c0                hdma_usart2_tx
                0x0000000020009108                mainCanTxQHandle
                0x000000002000910c                hwwdg
                0x0000000020009120                WWDGTmrHandle
                0x0000000020009124                Serial2_writeStr_Buf
                0x0000000020009524                huart2
                0x0000000020009594                hcan1
 COMMON         0x00000000200095d4       0x3c Src/stm32l4xx_hal_timebase_TIM.o
                0x00000000200095d4                htim6
                0x0000000020009610                . = ALIGN (0x4)
                0x0000000020009610                _ebss = .
                0x0000000020009610                __bss_end__ = _ebss

._user_heap_stack
                0x0000000020009610      0x600 load address 0x00000000080061f0
                0x0000000020009610                . = ALIGN (0x8)
                [!provide]                        PROVIDE (end, .)
                [!provide]                        PROVIDE (_end, .)
                0x0000000020009810                . = (. + _Min_Heap_Size)
 *fill*         0x0000000020009610      0x200 
                0x0000000020009c10                . = (. + _Min_Stack_Size)
 *fill*         0x0000000020009810      0x400 
                0x0000000020009c10                . = ALIGN (0x8)

/DISCARD/
 libc.a(*)
 libm.a(*)
 libgcc.a(*)

.ARM.attributes
                0x0000000000000000       0x30
 *(.ARM.attributes)
 .ARM.attributes
                0x0000000000000000       0x22 /Applications/Ac6/SystemWorkbench.app/Contents/Eclipse/plugins/fr.ac6.mcu.externaltools.arm-none.macos64_1.12.0.201611241417/tools/compiler/bin/../lib/gcc/arm-none-eabi/5.4.1/armv7e-m/fpu/crti.o
 .ARM.attributes
                0x0000000000000022       0x34 /Applications/Ac6/SystemWorkbench.app/Contents/Eclipse/plugins/fr.ac6.mcu.externaltools.arm-none.macos64_1.12.0.201611241417/tools/compiler/bin/../lib/gcc/arm-none-eabi/5.4.1/armv7e-m/fpu/crtbegin.o
 .ARM.attributes
                0x0000000000000056       0x21 Drivers/CMSIS/Device/ST/STM32L4xx/Source/Templates/gcc/startup_stm32l432xx.o
 .ARM.attributes
                0x0000000000000077       0x39 Drivers/STM32L4xx_HAL_Driver/Src/stm32l4xx_hal.o
 .ARM.attributes
                0x00000000000000b0       0x39 Drivers/STM32L4xx_HAL_Driver/Src/stm32l4xx_hal_can.o
 .ARM.attributes
                0x00000000000000e9       0x39 Drivers/STM32L4xx_HAL_Driver/Src/stm32l4xx_hal_cortex.o
 .ARM.attributes
                0x0000000000000122       0x39 Drivers/STM32L4xx_HAL_Driver/Src/stm32l4xx_hal_dma.o
 .ARM.attributes
                0x000000000000015b       0x39 Drivers/STM32L4xx_HAL_Driver/Src/stm32l4xx_hal_gpio.o
 .ARM.attributes
                0x0000000000000194       0x39 Drivers/STM32L4xx_HAL_Driver/Src/stm32l4xx_hal_pwr_ex.o
 .ARM.attributes
                0x00000000000001cd       0x39 Drivers/STM32L4xx_HAL_Driver/Src/stm32l4xx_hal_rcc.o
 .ARM.attributes
                0x0000000000000206       0x39 Drivers/STM32L4xx_HAL_Driver/Src/stm32l4xx_hal_rcc_ex.o
 .ARM.attributes
                0x000000000000023f       0x39 Drivers/STM32L4xx_HAL_Driver/Src/stm32l4xx_hal_tim.o
 .ARM.attributes
                0x0000000000000278       0x39 Drivers/STM32L4xx_HAL_Driver/Src/stm32l4xx_hal_tim_ex.o
 .ARM.attributes
                0x00000000000002b1       0x39 Drivers/STM32L4xx_HAL_Driver/Src/stm32l4xx_hal_uart.o
 .ARM.attributes
                0x00000000000002ea       0x39 Drivers/STM32L4xx_HAL_Driver/Src/stm32l4xx_hal_uart_ex.o
 .ARM.attributes
                0x0000000000000323       0x39 Drivers/STM32L4xx_HAL_Driver/Src/stm32l4xx_hal_wwdg.o
 .ARM.attributes
                0x000000000000035c       0x39 Middlewares/Third_Party/FreeRTOS/Source/CMSIS_RTOS/cmsis_os.o
 .ARM.attributes
                0x0000000000000395       0x39 Middlewares/Third_Party/FreeRTOS/Source/list.o
 .ARM.attributes
                0x00000000000003ce       0x39 Middlewares/Third_Party/FreeRTOS/Source/queue.o
 .ARM.attributes
                0x0000000000000407       0x39 Middlewares/Third_Party/FreeRTOS/Source/tasks.o
 .ARM.attributes
                0x0000000000000440       0x39 Middlewares/Third_Party/FreeRTOS/Source/timers.o
 .ARM.attributes
                0x0000000000000479       0x39 Middlewares/Third_Party/FreeRTOS/Source/portable/GCC/ARM_CM4F/port.o
 .ARM.attributes
                0x00000000000004b2       0x39 Middlewares/Third_Party/FreeRTOS/Source/portable/MemMang/heap_4.o
 .ARM.attributes
                0x00000000000004eb       0x39 Src/can.o
 .ARM.attributes
                0x0000000000000524       0x39 Src/freertos.o
 .ARM.attributes
                0x000000000000055d       0x39 Src/main.o
 .ARM.attributes
                0x0000000000000596       0x39 Src/serial.o
 .ARM.attributes
                0x00000000000005cf       0x39 Src/stm32l4xx_hal_msp.o
 .ARM.attributes
                0x0000000000000608       0x39 Src/stm32l4xx_hal_timebase_TIM.o
 .ARM.attributes
                0x0000000000000641       0x39 Src/stm32l4xx_it.o
 .ARM.attributes
                0x000000000000067a       0x39 Src/system_stm32l4xx.o
 .ARM.attributes
                0x00000000000006b3       0x22 /Applications/Ac6/SystemWorkbench.app/Contents/Eclipse/plugins/fr.ac6.mcu.externaltools.arm-none.macos64_1.12.0.201611241417/tools/compiler/bin/../lib/gcc/arm-none-eabi/5.4.1/armv7e-m/fpu/libgcc.a(_aeabi_uldivmod.o)
 .ARM.attributes
                0x00000000000006d5       0x34 /Applications/Ac6/SystemWorkbench.app/Contents/Eclipse/plugins/fr.ac6.mcu.externaltools.arm-none.macos64_1.12.0.201611241417/tools/compiler/bin/../lib/gcc/arm-none-eabi/5.4.1/armv7e-m/fpu/libgcc.a(_udivmoddi4.o)
 .ARM.attributes
                0x0000000000000709       0x22 /Applications/Ac6/SystemWorkbench.app/Contents/Eclipse/plugins/fr.ac6.mcu.externaltools.arm-none.macos64_1.12.0.201611241417/tools/compiler/bin/../lib/gcc/arm-none-eabi/5.4.1/armv7e-m/fpu/libgcc.a(_dvmd_tls.o)
 .ARM.attributes
                0x000000000000072b       0x34 /Applications/Ac6/SystemWorkbench.app/Contents/Eclipse/plugins/fr.ac6.mcu.externaltools.arm-none.macos64_1.12.0.201611241417/tools/compiler/bin/../lib/gcc/arm-none-eabi/5.4.1/../../../../arm-none-eabi/lib/armv7e-m/fpu/libc_nano.a(lib_a-init.o)
 .ARM.attributes
                0x000000000000075f       0x34 /Applications/Ac6/SystemWorkbench.app/Contents/Eclipse/plugins/fr.ac6.mcu.externaltools.arm-none.macos64_1.12.0.201611241417/tools/compiler/bin/../lib/gcc/arm-none-eabi/5.4.1/../../../../arm-none-eabi/lib/armv7e-m/fpu/libc_nano.a(lib_a-memcpy-stub.o)
 .ARM.attributes
                0x0000000000000793       0x34 /Applications/Ac6/SystemWorkbench.app/Contents/Eclipse/plugins/fr.ac6.mcu.externaltools.arm-none.macos64_1.12.0.201611241417/tools/compiler/bin/../lib/gcc/arm-none-eabi/5.4.1/../../../../arm-none-eabi/lib/armv7e-m/fpu/libc_nano.a(lib_a-memset.o)
 .ARM.attributes
                0x00000000000007c7       0x22 /Applications/Ac6/SystemWorkbench.app/Contents/Eclipse/plugins/fr.ac6.mcu.externaltools.arm-none.macos64_1.12.0.201611241417/tools/compiler/bin/../lib/gcc/arm-none-eabi/5.4.1/armv7e-m/fpu/crtn.o
OUTPUT(Candy-Bugger.elf elf32-littlearm)

.debug_line     0x0000000000000000    0x176e3
 .debug_line    0x0000000000000000       0xae Drivers/CMSIS/Device/ST/STM32L4xx/Source/Templates/gcc/startup_stm32l432xx.o
 .debug_line    0x00000000000000ae      0xb28 Drivers/STM32L4xx_HAL_Driver/Src/stm32l4xx_hal.o
 .debug_line    0x0000000000000bd6      0xd49 Drivers/STM32L4xx_HAL_Driver/Src/stm32l4xx_hal_can.o
 .debug_line    0x000000000000191f      0xb74 Drivers/STM32L4xx_HAL_Driver/Src/stm32l4xx_hal_cortex.o
 .debug_line    0x0000000000002493      0xc22 Drivers/STM32L4xx_HAL_Driver/Src/stm32l4xx_hal_dma.o
 .debug_line    0x00000000000030b5      0xb0b Drivers/STM32L4xx_HAL_Driver/Src/stm32l4xx_hal_gpio.o
 .debug_line    0x0000000000003bc0      0xc4d Drivers/STM32L4xx_HAL_Driver/Src/stm32l4xx_hal_pwr_ex.o
 .debug_line    0x000000000000480d      0xd80 Drivers/STM32L4xx_HAL_Driver/Src/stm32l4xx_hal_rcc.o
 .debug_line    0x000000000000558d      0xf43 Drivers/STM32L4xx_HAL_Driver/Src/stm32l4xx_hal_rcc_ex.o
 .debug_line    0x00000000000064d0     0x186e Drivers/STM32L4xx_HAL_Driver/Src/stm32l4xx_hal_tim.o
 .debug_line    0x0000000000007d3e      0xe56 Drivers/STM32L4xx_HAL_Driver/Src/stm32l4xx_hal_tim_ex.o
 .debug_line    0x0000000000008b94     0x1339 Drivers/STM32L4xx_HAL_Driver/Src/stm32l4xx_hal_uart.o
 .debug_line    0x0000000000009ecd      0xa8a Drivers/STM32L4xx_HAL_Driver/Src/stm32l4xx_hal_uart_ex.o
 .debug_line    0x000000000000a957      0x9d4 Drivers/STM32L4xx_HAL_Driver/Src/stm32l4xx_hal_wwdg.o
 .debug_line    0x000000000000b32b     0x10dc Middlewares/Third_Party/FreeRTOS/Source/CMSIS_RTOS/cmsis_os.o
 .debug_line    0x000000000000c407      0xb74 Middlewares/Third_Party/FreeRTOS/Source/list.o
 .debug_line    0x000000000000cf7b      0xffe Middlewares/Third_Party/FreeRTOS/Source/queue.o
 .debug_line    0x000000000000df79     0x12b8 Middlewares/Third_Party/FreeRTOS/Source/tasks.o
 .debug_line    0x000000000000f231      0xd2c Middlewares/Third_Party/FreeRTOS/Source/timers.o
 .debug_line    0x000000000000ff5d      0xc66 Middlewares/Third_Party/FreeRTOS/Source/portable/GCC/ARM_CM4F/port.o
 .debug_line    0x0000000000010bc3      0xc2f Middlewares/Third_Party/FreeRTOS/Source/portable/MemMang/heap_4.o
 .debug_line    0x00000000000117f2      0xe8c Src/can.o
 .debug_line    0x000000000001267e      0xad1 Src/freertos.o
 .debug_line    0x000000000001314f     0x10e8 Src/main.o
 .debug_line    0x0000000000014237      0xb2e Src/serial.o
 .debug_line    0x0000000000014d65      0xa4d Src/stm32l4xx_hal_msp.o
 .debug_line    0x00000000000157b2      0x9b7 Src/stm32l4xx_hal_timebase_TIM.o
 .debug_line    0x0000000000016169      0xbd1 Src/stm32l4xx_it.o
 .debug_line    0x0000000000016d3a      0x9a9 Src/system_stm32l4xx.o

.debug_info     0x0000000000000000    0x1ce7d
 .debug_info    0x0000000000000000       0xa9 Drivers/CMSIS/Device/ST/STM32L4xx/Source/Templates/gcc/startup_stm32l432xx.o
 .debug_info    0x00000000000000a9      0x9ca Drivers/STM32L4xx_HAL_Driver/Src/stm32l4xx_hal.o
 .debug_info    0x0000000000000a73      0xb5e Drivers/STM32L4xx_HAL_Driver/Src/stm32l4xx_hal_can.o
 .debug_info    0x00000000000015d1      0xe61 Drivers/STM32L4xx_HAL_Driver/Src/stm32l4xx_hal_cortex.o
 .debug_info    0x0000000000002432      0x83b Drivers/STM32L4xx_HAL_Driver/Src/stm32l4xx_hal_dma.o
 .debug_info    0x0000000000002c6d      0x85b Drivers/STM32L4xx_HAL_Driver/Src/stm32l4xx_hal_gpio.o
 .debug_info    0x00000000000034c8      0x9e7 Drivers/STM32L4xx_HAL_Driver/Src/stm32l4xx_hal_pwr_ex.o
 .debug_info    0x0000000000003eaf     0x112a Drivers/STM32L4xx_HAL_Driver/Src/stm32l4xx_hal_rcc.o
 .debug_info    0x0000000000004fd9     0x1576 Drivers/STM32L4xx_HAL_Driver/Src/stm32l4xx_hal_rcc_ex.o
 .debug_info    0x000000000000654f     0x2f68 Drivers/STM32L4xx_HAL_Driver/Src/stm32l4xx_hal_tim.o
 .debug_info    0x00000000000094b7     0x11b1 Drivers/STM32L4xx_HAL_Driver/Src/stm32l4xx_hal_tim_ex.o
 .debug_info    0x000000000000a668     0x1a32 Drivers/STM32L4xx_HAL_Driver/Src/stm32l4xx_hal_uart.o
 .debug_info    0x000000000000c09a      0x98b Drivers/STM32L4xx_HAL_Driver/Src/stm32l4xx_hal_uart_ex.o
 .debug_info    0x000000000000ca25      0x2fe Drivers/STM32L4xx_HAL_Driver/Src/stm32l4xx_hal_wwdg.o
 .debug_info    0x000000000000cd23     0x1d7a Middlewares/Third_Party/FreeRTOS/Source/CMSIS_RTOS/cmsis_os.o
 .debug_info    0x000000000000ea9d      0x33c Middlewares/Third_Party/FreeRTOS/Source/list.o
 .debug_info    0x000000000000edd9     0x1742 Middlewares/Third_Party/FreeRTOS/Source/queue.o
 .debug_info    0x000000000001051b     0x2057 Middlewares/Third_Party/FreeRTOS/Source/tasks.o
 .debug_info    0x0000000000012572     0x10c2 Middlewares/Third_Party/FreeRTOS/Source/timers.o
 .debug_info    0x0000000000013634      0x5d8 Middlewares/Third_Party/FreeRTOS/Source/portable/GCC/ARM_CM4F/port.o
 .debug_info    0x0000000000013c0c      0x532 Middlewares/Third_Party/FreeRTOS/Source/portable/MemMang/heap_4.o
 .debug_info    0x000000000001413e     0x1064 Src/can.o
 .debug_info    0x00000000000151a2      0x16c Src/freertos.o
 .debug_info    0x000000000001530e     0x37cd Src/main.o
 .debug_info    0x0000000000018adb      0xdad Src/serial.o
 .debug_info    0x0000000000019888     0x154d Src/stm32l4xx_hal_msp.o
 .debug_info    0x000000000001add5      0xbbc Src/stm32l4xx_hal_timebase_TIM.o
 .debug_info    0x000000000001b991      0xeec Src/stm32l4xx_it.o
 .debug_info    0x000000000001c87d      0x600 Src/system_stm32l4xx.o

.debug_abbrev   0x0000000000000000     0x4820
 .debug_abbrev  0x0000000000000000       0x12 Drivers/CMSIS/Device/ST/STM32L4xx/Source/Templates/gcc/startup_stm32l432xx.o
 .debug_abbrev  0x0000000000000012      0x201 Drivers/STM32L4xx_HAL_Driver/Src/stm32l4xx_hal.o
 .debug_abbrev  0x0000000000000213      0x298 Drivers/STM32L4xx_HAL_Driver/Src/stm32l4xx_hal_can.o
 .debug_abbrev  0x00000000000004ab      0x325 Drivers/STM32L4xx_HAL_Driver/Src/stm32l4xx_hal_cortex.o
 .debug_abbrev  0x00000000000007d0      0x22e Drivers/STM32L4xx_HAL_Driver/Src/stm32l4xx_hal_dma.o
 .debug_abbrev  0x00000000000009fe      0x1e1 Drivers/STM32L4xx_HAL_Driver/Src/stm32l4xx_hal_gpio.o
 .debug_abbrev  0x0000000000000bdf      0x26e Drivers/STM32L4xx_HAL_Driver/Src/stm32l4xx_hal_pwr_ex.o
 .debug_abbrev  0x0000000000000e4d      0x2dc Drivers/STM32L4xx_HAL_Driver/Src/stm32l4xx_hal_rcc.o
 .debug_abbrev  0x0000000000001129      0x30d Drivers/STM32L4xx_HAL_Driver/Src/stm32l4xx_hal_rcc_ex.o
 .debug_abbrev  0x0000000000001436      0x329 Drivers/STM32L4xx_HAL_Driver/Src/stm32l4xx_hal_tim.o
 .debug_abbrev  0x000000000000175f      0x289 Drivers/STM32L4xx_HAL_Driver/Src/stm32l4xx_hal_tim_ex.o
 .debug_abbrev  0x00000000000019e8      0x35e Drivers/STM32L4xx_HAL_Driver/Src/stm32l4xx_hal_uart.o
 .debug_abbrev  0x0000000000001d46      0x241 Drivers/STM32L4xx_HAL_Driver/Src/stm32l4xx_hal_uart_ex.o
 .debug_abbrev  0x0000000000001f87      0x198 Drivers/STM32L4xx_HAL_Driver/Src/stm32l4xx_hal_wwdg.o
 .debug_abbrev  0x000000000000211f      0x396 Middlewares/Third_Party/FreeRTOS/Source/CMSIS_RTOS/cmsis_os.o
 .debug_abbrev  0x00000000000024b5      0x11a Middlewares/Third_Party/FreeRTOS/Source/list.o
 .debug_abbrev  0x00000000000025cf      0x2f3 Middlewares/Third_Party/FreeRTOS/Source/queue.o
 .debug_abbrev  0x00000000000028c2      0x3ae Middlewares/Third_Party/FreeRTOS/Source/tasks.o
 .debug_abbrev  0x0000000000002c70      0x358 Middlewares/Third_Party/FreeRTOS/Source/timers.o
 .debug_abbrev  0x0000000000002fc8      0x250 Middlewares/Third_Party/FreeRTOS/Source/portable/GCC/ARM_CM4F/port.o
 .debug_abbrev  0x0000000000003218      0x27f Middlewares/Third_Party/FreeRTOS/Source/portable/MemMang/heap_4.o
 .debug_abbrev  0x0000000000003497      0x39f Src/can.o
 .debug_abbrev  0x0000000000003836       0xcb Src/freertos.o
 .debug_abbrev  0x0000000000003901      0x4c0 Src/main.o
 .debug_abbrev  0x0000000000003dc1      0x362 Src/serial.o
 .debug_abbrev  0x0000000000004123      0x239 Src/stm32l4xx_hal_msp.o
 .debug_abbrev  0x000000000000435c      0x1e8 Src/stm32l4xx_hal_timebase_TIM.o
 .debug_abbrev  0x0000000000004544      0x1a8 Src/stm32l4xx_it.o
 .debug_abbrev  0x00000000000046ec      0x134 Src/system_stm32l4xx.o

.debug_aranges  0x0000000000000000     0x1310
 .debug_aranges
                0x0000000000000000       0x28 Drivers/CMSIS/Device/ST/STM32L4xx/Source/Templates/gcc/startup_stm32l432xx.o
 .debug_aranges
                0x0000000000000028       0xd0 Drivers/STM32L4xx_HAL_Driver/Src/stm32l4xx_hal.o
 .debug_aranges
                0x00000000000000f8       0x88 Drivers/STM32L4xx_HAL_Driver/Src/stm32l4xx_hal_can.o
 .debug_aranges
                0x0000000000000180       0x98 Drivers/STM32L4xx_HAL_Driver/Src/stm32l4xx_hal_cortex.o
 .debug_aranges
                0x0000000000000218       0x78 Drivers/STM32L4xx_HAL_Driver/Src/stm32l4xx_hal_dma.o
 .debug_aranges
                0x0000000000000290       0x58 Drivers/STM32L4xx_HAL_Driver/Src/stm32l4xx_hal_gpio.o
 .debug_aranges
                0x00000000000002e8      0x100 Drivers/STM32L4xx_HAL_Driver/Src/stm32l4xx_hal_pwr_ex.o
 .debug_aranges
                0x00000000000003e8       0x88 Drivers/STM32L4xx_HAL_Driver/Src/stm32l4xx_hal_rcc.o
 .debug_aranges
                0x0000000000000470       0xd0 Drivers/STM32L4xx_HAL_Driver/Src/stm32l4xx_hal_rcc_ex.o
 .debug_aranges
                0x0000000000000540      0x268 Drivers/STM32L4xx_HAL_Driver/Src/stm32l4xx_hal_tim.o
 .debug_aranges
                0x00000000000007a8      0x100 Drivers/STM32L4xx_HAL_Driver/Src/stm32l4xx_hal_tim_ex.o
 .debug_aranges
                0x00000000000008a8      0x188 Drivers/STM32L4xx_HAL_Driver/Src/stm32l4xx_hal_uart.o
 .debug_aranges
                0x0000000000000a30       0x48 Drivers/STM32L4xx_HAL_Driver/Src/stm32l4xx_hal_uart_ex.o
 .debug_aranges
                0x0000000000000a78       0x38 Drivers/STM32L4xx_HAL_Driver/Src/stm32l4xx_hal_wwdg.o
 .debug_aranges
                0x0000000000000ab0      0x198 Middlewares/Third_Party/FreeRTOS/Source/CMSIS_RTOS/cmsis_os.o
 .debug_aranges
                0x0000000000000c48       0x40 Middlewares/Third_Party/FreeRTOS/Source/list.o
 .debug_aranges
                0x0000000000000c88       0xc8 Middlewares/Third_Party/FreeRTOS/Source/queue.o
 .debug_aranges
                0x0000000000000d50      0x158 Middlewares/Third_Party/FreeRTOS/Source/tasks.o
 .debug_aranges
                0x0000000000000ea8       0x78 Middlewares/Third_Party/FreeRTOS/Source/timers.o
 .debug_aranges
                0x0000000000000f20       0x80 Middlewares/Third_Party/FreeRTOS/Source/portable/GCC/ARM_CM4F/port.o
 .debug_aranges
                0x0000000000000fa0       0x48 Middlewares/Third_Party/FreeRTOS/Source/portable/MemMang/heap_4.o
 .debug_aranges
                0x0000000000000fe8       0xa8 Src/can.o
 .debug_aranges
                0x0000000000001090       0x28 Src/freertos.o
 .debug_aranges
                0x00000000000010b8       0xe0 Src/main.o
 .debug_aranges
                0x0000000000001198       0x90 Src/serial.o
 .debug_aranges
                0x0000000000001228       0x48 Src/stm32l4xx_hal_msp.o
 .debug_aranges
                0x0000000000001270       0x30 Src/stm32l4xx_hal_timebase_TIM.o
 .debug_aranges
                0x00000000000012a0       0x48 Src/stm32l4xx_it.o
 .debug_aranges
                0x00000000000012e8       0x28 Src/system_stm32l4xx.o

.debug_ranges   0x0000000000000000     0x17f8
 .debug_ranges  0x0000000000000000       0x20 Drivers/CMSIS/Device/ST/STM32L4xx/Source/Templates/gcc/startup_stm32l432xx.o
 .debug_ranges  0x0000000000000020       0xc0 Drivers/STM32L4xx_HAL_Driver/Src/stm32l4xx_hal.o
 .debug_ranges  0x00000000000000e0       0x78 Drivers/STM32L4xx_HAL_Driver/Src/stm32l4xx_hal_can.o
 .debug_ranges  0x0000000000000158      0x148 Drivers/STM32L4xx_HAL_Driver/Src/stm32l4xx_hal_cortex.o
 .debug_ranges  0x00000000000002a0       0xa0 Drivers/STM32L4xx_HAL_Driver/Src/stm32l4xx_hal_dma.o
 .debug_ranges  0x0000000000000340       0x60 Drivers/STM32L4xx_HAL_Driver/Src/stm32l4xx_hal_gpio.o
 .debug_ranges  0x00000000000003a0       0xf0 Drivers/STM32L4xx_HAL_Driver/Src/stm32l4xx_hal_pwr_ex.o
 .debug_ranges  0x0000000000000490       0xc0 Drivers/STM32L4xx_HAL_Driver/Src/stm32l4xx_hal_rcc.o
 .debug_ranges  0x0000000000000550      0x1c8 Drivers/STM32L4xx_HAL_Driver/Src/stm32l4xx_hal_rcc_ex.o
 .debug_ranges  0x0000000000000718      0x318 Drivers/STM32L4xx_HAL_Driver/Src/stm32l4xx_hal_tim.o
 .debug_ranges  0x0000000000000a30       0xf0 Drivers/STM32L4xx_HAL_Driver/Src/stm32l4xx_hal_tim_ex.o
 .debug_ranges  0x0000000000000b20      0x178 Drivers/STM32L4xx_HAL_Driver/Src/stm32l4xx_hal_uart.o
 .debug_ranges  0x0000000000000c98       0x38 Drivers/STM32L4xx_HAL_Driver/Src/stm32l4xx_hal_uart_ex.o
 .debug_ranges  0x0000000000000cd0       0x28 Drivers/STM32L4xx_HAL_Driver/Src/stm32l4xx_hal_wwdg.o
 .debug_ranges  0x0000000000000cf8      0x188 Middlewares/Third_Party/FreeRTOS/Source/CMSIS_RTOS/cmsis_os.o
 .debug_ranges  0x0000000000000e80       0x30 Middlewares/Third_Party/FreeRTOS/Source/list.o
 .debug_ranges  0x0000000000000eb0       0xb8 Middlewares/Third_Party/FreeRTOS/Source/queue.o
 .debug_ranges  0x0000000000000f68      0x1e8 Middlewares/Third_Party/FreeRTOS/Source/tasks.o
 .debug_ranges  0x0000000000001150       0x98 Middlewares/Third_Party/FreeRTOS/Source/timers.o
 .debug_ranges  0x00000000000011e8       0x70 Middlewares/Third_Party/FreeRTOS/Source/portable/GCC/ARM_CM4F/port.o
 .debug_ranges  0x0000000000001258       0x38 Middlewares/Third_Party/FreeRTOS/Source/portable/MemMang/heap_4.o
 .debug_ranges  0x0000000000001290      0x178 Src/can.o
 .debug_ranges  0x0000000000001408       0x18 Src/freertos.o
 .debug_ranges  0x0000000000001420      0x1a8 Src/main.o
 .debug_ranges  0x00000000000015c8       0xf8 Src/serial.o
 .debug_ranges  0x00000000000016c0       0xa8 Src/stm32l4xx_hal_msp.o
 .debug_ranges  0x0000000000001768       0x40 Src/stm32l4xx_hal_timebase_TIM.o
 .debug_ranges  0x00000000000017a8       0x38 Src/stm32l4xx_it.o
 .debug_ranges  0x00000000000017e0       0x18 Src/system_stm32l4xx.o

.debug_loc      0x0000000000000000     0xdad1
 .debug_loc     0x0000000000000000       0x69 Drivers/STM32L4xx_HAL_Driver/Src/stm32l4xx_hal.o
 .debug_loc     0x0000000000000069      0x4ee Drivers/STM32L4xx_HAL_Driver/Src/stm32l4xx_hal_can.o
 .debug_loc     0x0000000000000557      0x4ab Drivers/STM32L4xx_HAL_Driver/Src/stm32l4xx_hal_cortex.o
 .debug_loc     0x0000000000000a02      0x60b Drivers/STM32L4xx_HAL_Driver/Src/stm32l4xx_hal_dma.o
 .debug_loc     0x000000000000100d      0x2a5 Drivers/STM32L4xx_HAL_Driver/Src/stm32l4xx_hal_gpio.o
 .debug_loc     0x00000000000012b2      0x412 Drivers/STM32L4xx_HAL_Driver/Src/stm32l4xx_hal_pwr_ex.o
 .debug_loc     0x00000000000016c4      0x6d5 Drivers/STM32L4xx_HAL_Driver/Src/stm32l4xx_hal_rcc.o
 .debug_loc     0x0000000000001d99      0xe62 Drivers/STM32L4xx_HAL_Driver/Src/stm32l4xx_hal_rcc_ex.o
 .debug_loc     0x0000000000002bfb     0x3155 Drivers/STM32L4xx_HAL_Driver/Src/stm32l4xx_hal_tim.o
 .debug_loc     0x0000000000005d50      0xd52 Drivers/STM32L4xx_HAL_Driver/Src/stm32l4xx_hal_tim_ex.o
 .debug_loc     0x0000000000006aa2     0x168c Drivers/STM32L4xx_HAL_Driver/Src/stm32l4xx_hal_uart.o
 .debug_loc     0x000000000000812e      0x2d6 Drivers/STM32L4xx_HAL_Driver/Src/stm32l4xx_hal_uart_ex.o
 .debug_loc     0x0000000000008404       0x76 Drivers/STM32L4xx_HAL_Driver/Src/stm32l4xx_hal_wwdg.o
 .debug_loc     0x000000000000847a     0x1155 Middlewares/Third_Party/FreeRTOS/Source/CMSIS_RTOS/cmsis_os.o
 .debug_loc     0x00000000000095cf       0x94 Middlewares/Third_Party/FreeRTOS/Source/list.o
 .debug_loc     0x0000000000009663      0xb2d Middlewares/Third_Party/FreeRTOS/Source/queue.o
 .debug_loc     0x000000000000a190     0x12a3 Middlewares/Third_Party/FreeRTOS/Source/tasks.o
 .debug_loc     0x000000000000b433      0x852 Middlewares/Third_Party/FreeRTOS/Source/timers.o
 .debug_loc     0x000000000000bc85       0xae Middlewares/Third_Party/FreeRTOS/Source/portable/GCC/ARM_CM4F/port.o
 .debug_loc     0x000000000000bd33      0x38a Middlewares/Third_Party/FreeRTOS/Source/portable/MemMang/heap_4.o
 .debug_loc     0x000000000000c0bd      0xe55 Src/can.o
 .debug_loc     0x000000000000cf12      0x4e2 Src/main.o
 .debug_loc     0x000000000000d3f4      0x422 Src/serial.o
 .debug_loc     0x000000000000d816       0xb0 Src/stm32l4xx_hal_msp.o
 .debug_loc     0x000000000000d8c6       0x94 Src/stm32l4xx_hal_timebase_TIM.o
 .debug_loc     0x000000000000d95a      0x177 Src/system_stm32l4xx.o

.debug_macro    0x0000000000000000    0x27f78
 .debug_macro   0x0000000000000000      0x3c6 Drivers/STM32L4xx_HAL_Driver/Src/stm32l4xx_hal.o
 .debug_macro   0x00000000000003c6      0x8a4 Drivers/STM32L4xx_HAL_Driver/Src/stm32l4xx_hal.o
 .debug_macro   0x0000000000000c6a       0x2e Drivers/STM32L4xx_HAL_Driver/Src/stm32l4xx_hal.o
 .debug_macro   0x0000000000000c98       0x28 Drivers/STM32L4xx_HAL_Driver/Src/stm32l4xx_hal.o
 .debug_macro   0x0000000000000cc0       0x22 Drivers/STM32L4xx_HAL_Driver/Src/stm32l4xx_hal.o
 .debug_macro   0x0000000000000ce2       0x87 Drivers/STM32L4xx_HAL_Driver/Src/stm32l4xx_hal.o
 .debug_macro   0x0000000000000d69       0x44 Drivers/STM32L4xx_HAL_Driver/Src/stm32l4xx_hal.o
 .debug_macro   0x0000000000000dad       0xfd Drivers/STM32L4xx_HAL_Driver/Src/stm32l4xx_hal.o
 .debug_macro   0x0000000000000eaa       0x5e Drivers/STM32L4xx_HAL_Driver/Src/stm32l4xx_hal.o
 .debug_macro   0x0000000000000f08      0x1df Drivers/STM32L4xx_HAL_Driver/Src/stm32l4xx_hal.o
 .debug_macro   0x00000000000010e7       0x35 Drivers/STM32L4xx_HAL_Driver/Src/stm32l4xx_hal.o
 .debug_macro   0x000000000000111c       0x50 Drivers/STM32L4xx_HAL_Driver/Src/stm32l4xx_hal.o
 .debug_macro   0x000000000000116c      0xe66 Drivers/STM32L4xx_HAL_Driver/Src/stm32l4xx_hal.o
 .debug_macro   0x0000000000001fd2    0x1472f Drivers/STM32L4xx_HAL_Driver/Src/stm32l4xx_hal.o
 .debug_macro   0x0000000000016701       0x43 Drivers/STM32L4xx_HAL_Driver/Src/stm32l4xx_hal.o
 .debug_macro   0x0000000000016744      0x2c5 Drivers/STM32L4xx_HAL_Driver/Src/stm32l4xx_hal.o
 .debug_macro   0x0000000000016a09      0x145 Drivers/STM32L4xx_HAL_Driver/Src/stm32l4xx_hal.o
 .debug_macro   0x0000000000016b4e      0x1b2 Drivers/STM32L4xx_HAL_Driver/Src/stm32l4xx_hal.o
 .debug_macro   0x0000000000016d00      0x814 Drivers/STM32L4xx_HAL_Driver/Src/stm32l4xx_hal.o
 .debug_macro   0x0000000000017514      0x21e Drivers/STM32L4xx_HAL_Driver/Src/stm32l4xx_hal.o
 .debug_macro   0x0000000000017732       0x7d Drivers/STM32L4xx_HAL_Driver/Src/stm32l4xx_hal.o
 .debug_macro   0x00000000000177af      0x1d0 Drivers/STM32L4xx_HAL_Driver/Src/stm32l4xx_hal.o
 .debug_macro   0x000000000001797f      0x174 Drivers/STM32L4xx_HAL_Driver/Src/stm32l4xx_hal.o
 .debug_macro   0x0000000000017af3      0x15d Drivers/STM32L4xx_HAL_Driver/Src/stm32l4xx_hal.o
 .debug_macro   0x0000000000017c50       0x28 Drivers/STM32L4xx_HAL_Driver/Src/stm32l4xx_hal.o
 .debug_macro   0x0000000000017c78       0x97 Drivers/STM32L4xx_HAL_Driver/Src/stm32l4xx_hal.o
 .debug_macro   0x0000000000017d0f     0x359e Drivers/STM32L4xx_HAL_Driver/Src/stm32l4xx_hal.o
 .debug_macro   0x000000000001b2ad       0x52 Drivers/STM32L4xx_HAL_Driver/Src/stm32l4xx_hal.o
 .debug_macro   0x000000000001b2ff       0x35 Drivers/STM32L4xx_HAL_Driver/Src/stm32l4xx_hal.o
 .debug_macro   0x000000000001b334       0x9c Drivers/STM32L4xx_HAL_Driver/Src/stm32l4xx_hal.o
 .debug_macro   0x000000000001b3d0       0x16 Drivers/STM32L4xx_HAL_Driver/Src/stm32l4xx_hal.o
 .debug_macro   0x000000000001b3e6       0x97 Drivers/STM32L4xx_HAL_Driver/Src/stm32l4xx_hal.o
 .debug_macro   0x000000000001b47d      0x30d Drivers/STM32L4xx_HAL_Driver/Src/stm32l4xx_hal.o
 .debug_macro   0x000000000001b78a       0xfd Drivers/STM32L4xx_HAL_Driver/Src/stm32l4xx_hal.o
 .debug_macro   0x000000000001b887       0x10 Drivers/STM32L4xx_HAL_Driver/Src/stm32l4xx_hal.o
 .debug_macro   0x000000000001b897       0x52 Drivers/STM32L4xx_HAL_Driver/Src/stm32l4xx_hal.o
 .debug_macro   0x000000000001b8e9       0x1f Drivers/STM32L4xx_HAL_Driver/Src/stm32l4xx_hal.o
 .debug_macro   0x000000000001b908       0x43 Drivers/STM32L4xx_HAL_Driver/Src/stm32l4xx_hal.o
 .debug_macro   0x000000000001b94b       0x20 Drivers/STM32L4xx_HAL_Driver/Src/stm32l4xx_hal.o
 .debug_macro   0x000000000001b96b      0x187 Drivers/STM32L4xx_HAL_Driver/Src/stm32l4xx_hal.o
 .debug_macro   0x000000000001baf2       0x10 Drivers/STM32L4xx_HAL_Driver/Src/stm32l4xx_hal.o
 .debug_macro   0x000000000001bb02       0x1c Drivers/STM32L4xx_HAL_Driver/Src/stm32l4xx_hal.o
 .debug_macro   0x000000000001bb1e       0x52 Drivers/STM32L4xx_HAL_Driver/Src/stm32l4xx_hal.o
 .debug_macro   0x000000000001bb70       0x40 Drivers/STM32L4xx_HAL_Driver/Src/stm32l4xx_hal.o
 .debug_macro   0x000000000001bbb0       0x10 Drivers/STM32L4xx_HAL_Driver/Src/stm32l4xx_hal.o
 .debug_macro   0x000000000001bbc0       0x40 Drivers/STM32L4xx_HAL_Driver/Src/stm32l4xx_hal.o
 .debug_macro   0x000000000001bc00       0xd7 Drivers/STM32L4xx_HAL_Driver/Src/stm32l4xx_hal.o
 .debug_macro   0x000000000001bcd7       0x16 Drivers/STM32L4xx_HAL_Driver/Src/stm32l4xx_hal.o
 .debug_macro   0x000000000001bced      0x189 Drivers/STM32L4xx_HAL_Driver/Src/stm32l4xx_hal.o
 .debug_macro   0x000000000001be76       0x50 Drivers/STM32L4xx_HAL_Driver/Src/stm32l4xx_hal.o
 .debug_macro   0x000000000001bec6     0x1192 Drivers/STM32L4xx_HAL_Driver/Src/stm32l4xx_hal.o
 .debug_macro   0x000000000001d058      0x535 Drivers/STM32L4xx_HAL_Driver/Src/stm32l4xx_hal.o
 .debug_macro   0x000000000001d58d      0x148 Drivers/STM32L4xx_HAL_Driver/Src/stm32l4xx_hal.o
 .debug_macro   0x000000000001d6d5      0x10b Drivers/STM32L4xx_HAL_Driver/Src/stm32l4xx_hal.o
 .debug_macro   0x000000000001d7e0      0x25d Drivers/STM32L4xx_HAL_Driver/Src/stm32l4xx_hal.o
 .debug_macro   0x000000000001da3d      0x23a Drivers/STM32L4xx_HAL_Driver/Src/stm32l4xx_hal.o
 .debug_macro   0x000000000001dc77      0x360 Drivers/STM32L4xx_HAL_Driver/Src/stm32l4xx_hal.o
 .debug_macro   0x000000000001dfd7      0x360 Drivers/STM32L4xx_HAL_Driver/Src/stm32l4xx_hal.o
 .debug_macro   0x000000000001e337       0x10 Drivers/STM32L4xx_HAL_Driver/Src/stm32l4xx_hal.o
 .debug_macro   0x000000000001e347       0xe4 Drivers/STM32L4xx_HAL_Driver/Src/stm32l4xx_hal.o
 .debug_macro   0x000000000001e42b      0x202 Drivers/STM32L4xx_HAL_Driver/Src/stm32l4xx_hal.o
 .debug_macro   0x000000000001e62d       0x61 Drivers/STM32L4xx_HAL_Driver/Src/stm32l4xx_hal.o
 .debug_macro   0x000000000001e68e       0x90 Drivers/STM32L4xx_HAL_Driver/Src/stm32l4xx_hal.o
 .debug_macro   0x000000000001e71e      0x126 Drivers/STM32L4xx_HAL_Driver/Src/stm32l4xx_hal.o
 .debug_macro   0x000000000001e844      0x2d2 Drivers/STM32L4xx_HAL_Driver/Src/stm32l4xx_hal.o
 .debug_macro   0x000000000001eb16      0x9c6 Drivers/STM32L4xx_HAL_Driver/Src/stm32l4xx_hal.o
 .debug_macro   0x000000000001f4dc      0x12f Drivers/STM32L4xx_HAL_Driver/Src/stm32l4xx_hal.o
 .debug_macro   0x000000000001f60b      0x535 Drivers/STM32L4xx_HAL_Driver/Src/stm32l4xx_hal.o
 .debug_macro   0x000000000001fb40       0x44 Drivers/STM32L4xx_HAL_Driver/Src/stm32l4xx_hal.o
 .debug_macro   0x000000000001fb84       0x89 Drivers/STM32L4xx_HAL_Driver/Src/stm32l4xx_hal.o
 .debug_macro   0x000000000001fc0d      0x27d Drivers/STM32L4xx_HAL_Driver/Src/stm32l4xx_hal.o
 .debug_macro   0x000000000001fe8a      0x384 Drivers/STM32L4xx_HAL_Driver/Src/stm32l4xx_hal_can.o
 .debug_macro   0x000000000002020e      0x37e Drivers/STM32L4xx_HAL_Driver/Src/stm32l4xx_hal_cortex.o
 .debug_macro   0x000000000002058c      0x37e Drivers/STM32L4xx_HAL_Driver/Src/stm32l4xx_hal_dma.o
 .debug_macro   0x000000000002090a      0x3bd Drivers/STM32L4xx_HAL_Driver/Src/stm32l4xx_hal_gpio.o
 .debug_macro   0x0000000000020cc7      0x3a2 Drivers/STM32L4xx_HAL_Driver/Src/stm32l4xx_hal_pwr_ex.o
 .debug_macro   0x0000000000021069      0x3c0 Drivers/STM32L4xx_HAL_Driver/Src/stm32l4xx_hal_rcc.o
 .debug_macro   0x0000000000021429      0x3b4 Drivers/STM32L4xx_HAL_Driver/Src/stm32l4xx_hal_rcc_ex.o
 .debug_macro   0x00000000000217dd      0x37f Drivers/STM32L4xx_HAL_Driver/Src/stm32l4xx_hal_tim.o
 .debug_macro   0x0000000000021b5c      0x390 Drivers/STM32L4xx_HAL_Driver/Src/stm32l4xx_hal_tim_ex.o
 .debug_macro   0x0000000000021eec      0x390 Drivers/STM32L4xx_HAL_Driver/Src/stm32l4xx_hal_uart.o
 .debug_macro   0x000000000002227c      0x37e Drivers/STM32L4xx_HAL_Driver/Src/stm32l4xx_hal_uart_ex.o
 .debug_macro   0x00000000000225fa      0x37e Drivers/STM32L4xx_HAL_Driver/Src/stm32l4xx_hal_wwdg.o
 .debug_macro   0x0000000000022978      0x454 Middlewares/Third_Party/FreeRTOS/Source/CMSIS_RTOS/cmsis_os.o
 .debug_macro   0x0000000000022dcc       0x4c Middlewares/Third_Party/FreeRTOS/Source/CMSIS_RTOS/cmsis_os.o
 .debug_macro   0x0000000000022e18       0x8d Middlewares/Third_Party/FreeRTOS/Source/CMSIS_RTOS/cmsis_os.o
 .debug_macro   0x0000000000022ea5      0x174 Middlewares/Third_Party/FreeRTOS/Source/CMSIS_RTOS/cmsis_os.o
 .debug_macro   0x0000000000023019       0x4a Middlewares/Third_Party/FreeRTOS/Source/CMSIS_RTOS/cmsis_os.o
 .debug_macro   0x0000000000023063       0x10 Middlewares/Third_Party/FreeRTOS/Source/CMSIS_RTOS/cmsis_os.o
 .debug_macro   0x0000000000023073       0x35 Middlewares/Third_Party/FreeRTOS/Source/CMSIS_RTOS/cmsis_os.o
 .debug_macro   0x00000000000230a8       0x16 Middlewares/Third_Party/FreeRTOS/Source/CMSIS_RTOS/cmsis_os.o
 .debug_macro   0x00000000000230be       0x26 Middlewares/Third_Party/FreeRTOS/Source/CMSIS_RTOS/cmsis_os.o
 .debug_macro   0x00000000000230e4       0x3b Middlewares/Third_Party/FreeRTOS/Source/CMSIS_RTOS/cmsis_os.o
 .debug_macro   0x000000000002311f       0xb8 Middlewares/Third_Party/FreeRTOS/Source/CMSIS_RTOS/cmsis_os.o
 .debug_macro   0x00000000000231d7       0x1c Middlewares/Third_Party/FreeRTOS/Source/CMSIS_RTOS/cmsis_os.o
 .debug_macro   0x00000000000231f3      0x7f1 Middlewares/Third_Party/FreeRTOS/Source/CMSIS_RTOS/cmsis_os.o
 .debug_macro   0x00000000000239e4      0x11f Middlewares/Third_Party/FreeRTOS/Source/CMSIS_RTOS/cmsis_os.o
 .debug_macro   0x0000000000023b03      0x15d Middlewares/Third_Party/FreeRTOS/Source/CMSIS_RTOS/cmsis_os.o
 .debug_macro   0x0000000000023c60       0xdd Middlewares/Third_Party/FreeRTOS/Source/CMSIS_RTOS/cmsis_os.o
 .debug_macro   0x0000000000023d3d       0x10 Middlewares/Third_Party/FreeRTOS/Source/CMSIS_RTOS/cmsis_os.o
 .debug_macro   0x0000000000023d4d       0x1f Middlewares/Third_Party/FreeRTOS/Source/CMSIS_RTOS/cmsis_os.o
 .debug_macro   0x0000000000023d6c      0x330 Middlewares/Third_Party/FreeRTOS/Source/CMSIS_RTOS/cmsis_os.o
 .debug_macro   0x000000000002409c       0xc0 Middlewares/Third_Party/FreeRTOS/Source/CMSIS_RTOS/cmsis_os.o
 .debug_macro   0x000000000002415c       0x9a Middlewares/Third_Party/FreeRTOS/Source/CMSIS_RTOS/cmsis_os.o
 .debug_macro   0x00000000000241f6       0x91 Middlewares/Third_Party/FreeRTOS/Source/CMSIS_RTOS/cmsis_os.o
 .debug_macro   0x0000000000024287       0xb0 Middlewares/Third_Party/FreeRTOS/Source/CMSIS_RTOS/cmsis_os.o
 .debug_macro   0x0000000000024337       0x7f Middlewares/Third_Party/FreeRTOS/Source/CMSIS_RTOS/cmsis_os.o
 .debug_macro   0x00000000000243b6       0x19 Middlewares/Third_Party/FreeRTOS/Source/CMSIS_RTOS/cmsis_os.o
 .debug_macro   0x00000000000243cf       0xcf Middlewares/Third_Party/FreeRTOS/Source/CMSIS_RTOS/cmsis_os.o
 .debug_macro   0x000000000002449e      0x404 Middlewares/Third_Party/FreeRTOS/Source/list.o
 .debug_macro   0x00000000000248a2      0x476 Middlewares/Third_Party/FreeRTOS/Source/queue.o
 .debug_macro   0x0000000000024d18       0x16 Middlewares/Third_Party/FreeRTOS/Source/queue.o
 .debug_macro   0x0000000000024d2e      0x4b2 Middlewares/Third_Party/FreeRTOS/Source/tasks.o
 .debug_macro   0x00000000000251e0       0x10 Middlewares/Third_Party/FreeRTOS/Source/tasks.o
 .debug_macro   0x00000000000251f0      0x441 Middlewares/Third_Party/FreeRTOS/Source/timers.o
 .debug_macro   0x0000000000025631      0x4b1 Middlewares/Third_Party/FreeRTOS/Source/portable/GCC/ARM_CM4F/port.o
 .debug_macro   0x0000000000025ae2      0x42b Middlewares/Third_Party/FreeRTOS/Source/portable/MemMang/heap_4.o
 .debug_macro   0x0000000000025f0d      0x453 Src/can.o